[2025-11-27T07:39:45.364+0000][gc] Using G1
[2025-11-27T07:39:45.391+0000][gc,init] Version: 17.0.17+10-adhoc.root.jdk17u (release)
[2025-11-27T07:39:45.392+0000][gc,init] CPUs: 8 total, 8 available
[2025-11-27T07:39:45.393+0000][gc,init] Memory: 7634M
[2025-11-27T07:39:45.394+0000][gc,init] Large Page Support: Disabled
[2025-11-27T07:39:45.394+0000][gc,init] NUMA Support: Disabled
[2025-11-27T07:39:45.394+0000][gc,init] Compressed Oops: Enabled (32-bit)
[2025-11-27T07:39:45.394+0000][gc,init] Heap Region Size: 1M
[2025-11-27T07:39:45.395+0000][gc,init] Heap Min Capacity: 1G
[2025-11-27T07:39:45.395+0000][gc,init] Heap Initial Capacity: 1G
[2025-11-27T07:39:45.396+0000][gc,init] Heap Max Capacity: 1G
[2025-11-27T07:39:45.396+0000][gc,init] Pre-touch: Disabled
[2025-11-27T07:39:45.396+0000][gc,init] Parallel Workers: 8
[2025-11-27T07:39:45.396+0000][gc,init] Concurrent Workers: 2
[2025-11-27T07:39:45.397+0000][gc,init] Concurrent Refinement Workers: 8
[2025-11-27T07:39:45.397+0000][gc,init] Periodic GC: Disabled
[2025-11-27T07:39:45.408+0000][gc,metaspace] CDS archive(s) mapped at: [0x0000748b2f000000-0x0000748b2fbdc000-0x0000748b2fbdc000), size 12435456, SharedBaseAddress: 0x0000748b2f000000, ArchiveRelocationMode: 1.
[2025-11-27T07:39:45.409+0000][gc,metaspace] Compressed class space mapped at: 0x0000748b30000000-0x0000748b70000000, reserved size: 1073741824
[2025-11-27T07:39:45.409+0000][gc,metaspace] Narrow klass base: 0x0000748b2f000000, Narrow klass shift: 0, Narrow klass range: 0x100000000
[2025-11-27T07:39:47.892+0000][gc,start    ] GC(0) Pause Young (Normal) (G1 Evacuation Pause)
[2025-11-27T07:39:47.895+0000][gc,task     ] GC(0) Using 8 workers of 8 for evacuation
[2025-11-27T07:39:47.909+0000][gc,phases   ] GC(0)   Pre Evacuate Collection Set: 0.3ms
[2025-11-27T07:39:47.909+0000][gc,phases   ] GC(0)   Merge Heap Roots: 0.3ms
[2025-11-27T07:39:47.910+0000][gc,phases   ] GC(0)   Evacuate Collection Set: 12.2ms
[2025-11-27T07:39:47.910+0000][gc,phases   ] GC(0)   Post Evacuate Collection Set: 1.0ms
[2025-11-27T07:39:47.910+0000][gc,phases   ] GC(0)   Other: 3.1ms
[2025-11-27T07:39:47.910+0000][gc,heap     ] GC(0) Eden regions: 51->0(44)
[2025-11-27T07:39:47.910+0000][gc,heap     ] GC(0) Survivor regions: 0->7(7)
[2025-11-27T07:39:47.911+0000][gc,heap     ] GC(0) Old regions: 0->1
[2025-11-27T07:39:47.911+0000][gc,heap     ] GC(0) Archive regions: 2->2
[2025-11-27T07:39:47.911+0000][gc,heap     ] GC(0) Humongous regions: 0->0
[2025-11-27T07:39:47.911+0000][gc,metaspace] GC(0) Metaspace: 17080K(17280K)->17080K(17280K) NonClass: 15000K(15104K)->15000K(15104K) Class: 2079K(2176K)->2079K(2176K)
[2025-11-27T07:39:47.912+0000][gc          ] GC(0) Pause Young (Normal) (G1 Evacuation Pause) 51M->8M(1024M) 19.365ms
[2025-11-27T07:39:47.912+0000][gc,cpu      ] GC(0) User=0.04s Sys=0.00s Real=0.02s
[2025-11-27T07:39:48.555+0000][gc,start    ] GC(1) Pause Young (Concurrent Start) (Metadata GC Threshold)
[2025-11-27T07:39:48.560+0000][gc,task     ] GC(1) Using 8 workers of 8 for evacuation
[2025-11-27T07:39:48.604+0000][gc,mmu      ] GC(1) MMU target violated: 21.0ms (20.0ms/21.0ms)
[2025-11-27T07:39:48.611+0000][gc,phases   ] GC(1)   Pre Evacuate Collection Set: 0.4ms
[2025-11-27T07:39:48.612+0000][gc,phases   ] GC(1)   Merge Heap Roots: 0.3ms
[2025-11-27T07:39:48.612+0000][gc,phases   ] GC(1)   Evacuate Collection Set: 41.8ms
[2025-11-27T07:39:48.613+0000][gc,phases   ] GC(1)   Post Evacuate Collection Set: 1.0ms
[2025-11-27T07:39:48.613+0000][gc,phases   ] GC(1)   Other: 12.7ms
[2025-11-27T07:39:48.614+0000][gc,heap     ] GC(1) Eden regions: 14->0(49)
[2025-11-27T07:39:48.614+0000][gc,heap     ] GC(1) Survivor regions: 7->2(7)
[2025-11-27T07:39:48.615+0000][gc,heap     ] GC(1) Old regions: 1->8
[2025-11-27T07:39:48.615+0000][gc,heap     ] GC(1) Archive regions: 2->2
[2025-11-27T07:39:48.615+0000][gc,heap     ] GC(1) Humongous regions: 0->0
[2025-11-27T07:39:48.615+0000][gc,metaspace] GC(1) Metaspace: 21257K(21504K)->21257K(21504K) NonClass: 18614K(18752K)->18614K(18752K) Class: 2642K(2752K)->2642K(2752K)
[2025-11-27T07:39:48.616+0000][gc          ] GC(1) Pause Young (Concurrent Start) (Metadata GC Threshold) 22M->10M(1024M) 60.427ms
[2025-11-27T07:39:48.616+0000][gc,cpu      ] GC(1) User=0.03s Sys=0.01s Real=0.06s
[2025-11-27T07:39:48.616+0000][gc          ] GC(2) Concurrent Mark Cycle
[2025-11-27T07:39:48.617+0000][gc,marking  ] GC(2) Concurrent Clear Claimed Marks
[2025-11-27T07:39:48.617+0000][gc,marking  ] GC(2) Concurrent Clear Claimed Marks 0.295ms
[2025-11-27T07:39:48.617+0000][gc,marking  ] GC(2) Concurrent Scan Root Regions
[2025-11-27T07:39:48.627+0000][gc,marking  ] GC(2) Concurrent Scan Root Regions 10.221ms
[2025-11-27T07:39:48.634+0000][gc,marking  ] GC(2) Concurrent Mark
[2025-11-27T07:39:48.635+0000][gc,marking  ] GC(2) Concurrent Mark From Roots
[2025-11-27T07:39:48.635+0000][gc,task     ] GC(2) Using 2 workers of 2 for marking
[2025-11-27T07:39:48.643+0000][gc,marking  ] GC(2) Concurrent Mark From Roots 8.571ms
[2025-11-27T07:39:48.645+0000][gc,marking  ] GC(2) Concurrent Preclean
[2025-11-27T07:39:48.650+0000][gc,marking  ] GC(2) Concurrent Preclean 5.406ms
[2025-11-27T07:39:48.656+0000][gc,start    ] GC(2) Pause Remark
[2025-11-27T07:39:48.672+0000][gc          ] GC(2) Pause Remark 10M->10M(1024M) 15.741ms
[2025-11-27T07:39:48.674+0000][gc,cpu      ] GC(2) User=0.02s Sys=0.00s Real=0.02s
[2025-11-27T07:39:48.680+0000][gc,marking  ] GC(2) Concurrent Mark 46.541ms
[2025-11-27T07:39:48.684+0000][gc,marking  ] GC(2) Concurrent Rebuild Remembered Sets
[2025-11-27T07:39:48.697+0000][gc,marking  ] GC(2) Concurrent Rebuild Remembered Sets 12.501ms
[2025-11-27T07:39:48.700+0000][gc,start    ] GC(2) Pause Cleanup
[2025-11-27T07:39:48.700+0000][gc          ] GC(2) Pause Cleanup 10M->10M(1024M) 0.558ms
[2025-11-27T07:39:48.701+0000][gc,cpu      ] GC(2) User=0.00s Sys=0.00s Real=0.00s
[2025-11-27T07:39:48.702+0000][gc,marking  ] GC(2) Concurrent Cleanup for Next Mark
[2025-11-27T07:39:48.733+0000][gc,marking  ] GC(2) Concurrent Cleanup for Next Mark 30.984ms
[2025-11-27T07:39:48.733+0000][gc          ] GC(2) Concurrent Mark Cycle 116.906ms
[2025-11-27T07:39:52.571+0000][gc,start    ] GC(3) Pause Young (Normal) (G1 Evacuation Pause)
[2025-11-27T07:39:52.571+0000][gc,task     ] GC(3) Using 8 workers of 8 for evacuation
[2025-11-27T07:39:52.598+0000][gc,mmu      ] GC(3) MMU target violated: 21.0ms (20.0ms/21.0ms)
[2025-11-27T07:39:52.598+0000][gc,phases   ] GC(3)   Pre Evacuate Collection Set: 0.2ms
[2025-11-27T07:39:52.598+0000][gc,phases   ] GC(3)   Merge Heap Roots: 0.1ms
[2025-11-27T07:39:52.598+0000][gc,phases   ] GC(3)   Evacuate Collection Set: 24.4ms
[2025-11-27T07:39:52.599+0000][gc,phases   ] GC(3)   Post Evacuate Collection Set: 1.4ms
[2025-11-27T07:39:52.599+0000][gc,phases   ] GC(3)   Other: 0.9ms
[2025-11-27T07:39:52.599+0000][gc,heap     ] GC(3) Eden regions: 49->0(45)
[2025-11-27T07:39:52.599+0000][gc,heap     ] GC(3) Survivor regions: 2->6(7)
[2025-11-27T07:39:52.600+0000][gc,heap     ] GC(3) Old regions: 8->8
[2025-11-27T07:39:52.600+0000][gc,heap     ] GC(3) Archive regions: 2->2
[2025-11-27T07:39:52.602+0000][gc,heap     ] GC(3) Humongous regions: 0->0
[2025-11-27T07:39:52.607+0000][gc,metaspace] GC(3) Metaspace: 33395K(33728K)->33395K(33728K) NonClass: 29512K(29696K)->29512K(29696K) Class: 3883K(4032K)->3883K(4032K)
[2025-11-27T07:39:52.608+0000][gc          ] GC(3) Pause Young (Normal) (G1 Evacuation Pause) 59M->14M(1024M) 37.063ms
[2025-11-27T07:39:52.608+0000][gc,cpu      ] GC(3) User=0.05s Sys=0.00s Real=0.04s
[2025-11-27T07:39:53.298+0000][gc,start    ] GC(4) Pause Young (Concurrent Start) (Metadata GC Threshold)
[2025-11-27T07:39:53.303+0000][gc,task     ] GC(4) Using 8 workers of 8 for evacuation
[2025-11-27T07:39:53.326+0000][gc,phases   ] GC(4)   Pre Evacuate Collection Set: 0.4ms
[2025-11-27T07:39:53.328+0000][gc,phases   ] GC(4)   Merge Heap Roots: 0.1ms
[2025-11-27T07:39:53.328+0000][gc,phases   ] GC(4)   Evacuate Collection Set: 16.8ms
[2025-11-27T07:39:53.328+0000][gc,phases   ] GC(4)   Post Evacuate Collection Set: 1.4ms
[2025-11-27T07:39:53.328+0000][gc,phases   ] GC(4)   Other: 9.1ms
[2025-11-27T07:39:53.329+0000][gc,heap     ] GC(4) Eden regions: 9->0(50)
[2025-11-27T07:39:53.329+0000][gc,heap     ] GC(4) Survivor regions: 6->1(7)
[2025-11-27T07:39:53.329+0000][gc,heap     ] GC(4) Old regions: 8->14
[2025-11-27T07:39:53.331+0000][gc,heap     ] GC(4) Archive regions: 2->2
[2025-11-27T07:39:53.333+0000][gc,heap     ] GC(4) Humongous regions: 0->0
[2025-11-27T07:39:53.333+0000][gc,metaspace] GC(4) Metaspace: 35609K(35968K)->35609K(35968K) NonClass: 31497K(31680K)->31497K(31680K) Class: 4111K(4288K)->4111K(4288K)
[2025-11-27T07:39:53.333+0000][gc          ] GC(4) Pause Young (Concurrent Start) (Metadata GC Threshold) 23M->14M(1024M) 35.035ms
[2025-11-27T07:39:53.334+0000][gc,cpu      ] GC(4) User=0.02s Sys=0.02s Real=0.04s
[2025-11-27T07:39:53.334+0000][gc          ] GC(5) Concurrent Mark Cycle
[2025-11-27T07:39:53.334+0000][gc,marking  ] GC(5) Concurrent Clear Claimed Marks
[2025-11-27T07:39:53.335+0000][gc,marking  ] GC(5) Concurrent Clear Claimed Marks 0.409ms
[2025-11-27T07:39:53.335+0000][gc,marking  ] GC(5) Concurrent Scan Root Regions
[2025-11-27T07:39:53.345+0000][gc,marking  ] GC(5) Concurrent Scan Root Regions 9.913ms
[2025-11-27T07:39:53.347+0000][gc,marking  ] GC(5) Concurrent Mark
[2025-11-27T07:39:53.351+0000][gc,marking  ] GC(5) Concurrent Mark From Roots
[2025-11-27T07:39:53.352+0000][gc,task     ] GC(5) Using 2 workers of 2 for marking
[2025-11-27T07:39:53.417+0000][gc,marking  ] GC(5) Concurrent Mark From Roots 66.091ms
[2025-11-27T07:39:53.464+0000][gc,marking  ] GC(5) Concurrent Preclean
[2025-11-27T07:39:53.467+0000][gc,marking  ] GC(5) Concurrent Preclean 2.972ms
[2025-11-27T07:39:53.469+0000][gc,start    ] GC(5) Pause Remark
[2025-11-27T07:39:53.502+0000][gc,mmu      ] GC(5) MMU target violated: 21.0ms (20.0ms/21.0ms)
[2025-11-27T07:39:53.504+0000][gc          ] GC(5) Pause Remark 17M->17M(1024M) 34.479ms
[2025-11-27T07:39:53.508+0000][gc,cpu      ] GC(5) User=0.03s Sys=0.00s Real=0.04s
[2025-11-27T07:39:53.512+0000][gc,marking  ] GC(5) Concurrent Mark 165.198ms
[2025-11-27T07:39:53.513+0000][gc,marking  ] GC(5) Concurrent Rebuild Remembered Sets
[2025-11-27T07:39:53.535+0000][gc,marking  ] GC(5) Concurrent Rebuild Remembered Sets 21.479ms
[2025-11-27T07:39:53.554+0000][gc,start    ] GC(5) Pause Cleanup
[2025-11-27T07:39:53.567+0000][gc          ] GC(5) Pause Cleanup 18M->18M(1024M) 12.869ms
[2025-11-27T07:39:53.569+0000][gc,cpu      ] GC(5) User=0.01s Sys=0.00s Real=0.01s
[2025-11-27T07:39:53.569+0000][gc,marking  ] GC(5) Concurrent Cleanup for Next Mark
[2025-11-27T07:39:53.680+0000][gc,marking  ] GC(5) Concurrent Cleanup for Next Mark 110.192ms
[2025-11-27T07:39:53.688+0000][gc          ] GC(5) Concurrent Mark Cycle 353.827ms
[2025-11-27T07:39:58.728+0000][gc,start    ] GC(6) Pause Young (Normal) (G1 Evacuation Pause)
[2025-11-27T07:39:58.729+0000][gc,task     ] GC(6) Using 8 workers of 8 for evacuation
[2025-11-27T07:39:58.773+0000][gc,mmu      ] GC(6) MMU target violated: 21.0ms (20.0ms/21.0ms)
[2025-11-27T07:39:58.781+0000][gc,phases   ] GC(6)   Pre Evacuate Collection Set: 0.3ms
[2025-11-27T07:39:58.784+0000][gc,phases   ] GC(6)   Merge Heap Roots: 0.2ms
[2025-11-27T07:39:58.791+0000][gc,phases   ] GC(6)   Evacuate Collection Set: 39.7ms
[2025-11-27T07:39:58.791+0000][gc,phases   ] GC(6)   Post Evacuate Collection Set: 3.8ms
[2025-11-27T07:39:58.792+0000][gc,phases   ] GC(6)   Other: 9.5ms
[2025-11-27T07:39:58.792+0000][gc,heap     ] GC(6) Eden regions: 50->0(44)
[2025-11-27T07:39:58.792+0000][gc,heap     ] GC(6) Survivor regions: 1->7(7)
[2025-11-27T07:39:58.793+0000][gc,heap     ] GC(6) Old regions: 14->15
[2025-11-27T07:39:58.793+0000][gc,heap     ] GC(6) Archive regions: 2->2
[2025-11-27T07:39:58.793+0000][gc,heap     ] GC(6) Humongous regions: 129->129
[2025-11-27T07:39:58.793+0000][gc,metaspace] GC(6) Metaspace: 42381K(43008K)->42381K(43008K) NonClass: 37429K(37760K)->37429K(37760K) Class: 4952K(5248K)->4952K(5248K)
[2025-11-27T07:39:58.794+0000][gc          ] GC(6) Pause Young (Normal) (G1 Evacuation Pause) 193M->151M(1024M) 65.922ms
[2025-11-27T07:39:58.794+0000][gc,cpu      ] GC(6) User=0.04s Sys=0.01s Real=0.07s
