[2025-11-27T07:30:26.945+0000][gc] Using G1
[2025-11-27T07:30:26.953+0000][gc,init] Version: 17.0.17+10-adhoc.root.jdk17u (release)
[2025-11-27T07:30:26.953+0000][gc,init] CPUs: 8 total, 8 available
[2025-11-27T07:30:26.953+0000][gc,init] Memory: 7634M
[2025-11-27T07:30:26.953+0000][gc,init] Large Page Support: Disabled
[2025-11-27T07:30:26.953+0000][gc,init] NUMA Support: Disabled
[2025-11-27T07:30:26.953+0000][gc,init] Compressed Oops: Enabled (32-bit)
[2025-11-27T07:30:26.954+0000][gc,init] Heap Region Size: 1M
[2025-11-27T07:30:26.954+0000][gc,init] Heap Min Capacity: 1G
[2025-11-27T07:30:26.954+0000][gc,init] Heap Initial Capacity: 1G
[2025-11-27T07:30:26.954+0000][gc,init] Heap Max Capacity: 1G
[2025-11-27T07:30:26.954+0000][gc,init] Pre-touch: Disabled
[2025-11-27T07:30:26.954+0000][gc,init] Parallel Workers: 8
[2025-11-27T07:30:26.955+0000][gc,init] Concurrent Workers: 2
[2025-11-27T07:30:26.955+0000][gc,init] Concurrent Refinement Workers: 8
[2025-11-27T07:30:26.955+0000][gc,init] Periodic GC: Disabled
[2025-11-27T07:30:26.965+0000][gc,metaspace] CDS archive(s) mapped at: [0x000076270f000000-0x000076270fbdc000-0x000076270fbdc000), size 12435456, SharedBaseAddress: 0x000076270f000000, ArchiveRelocationMode: 1.
[2025-11-27T07:30:26.965+0000][gc,metaspace] Compressed class space mapped at: 0x0000762710000000-0x0000762750000000, reserved size: 1073741824
[2025-11-27T07:30:26.965+0000][gc,metaspace] Narrow klass base: 0x000076270f000000, Narrow klass shift: 0, Narrow klass range: 0x100000000
[2025-11-27T07:30:28.074+0000][gc,start    ] GC(0) Pause Young (Normal) (G1 Evacuation Pause)
[2025-11-27T07:30:28.075+0000][gc,task     ] GC(0) Using 8 workers of 8 for evacuation
[2025-11-27T07:30:28.085+0000][gc,phases   ] GC(0)   Pre Evacuate Collection Set: 0.2ms
[2025-11-27T07:30:28.085+0000][gc,phases   ] GC(0)   Merge Heap Roots: 0.1ms
[2025-11-27T07:30:28.085+0000][gc,phases   ] GC(0)   Evacuate Collection Set: 8.5ms
[2025-11-27T07:30:28.086+0000][gc,phases   ] GC(0)   Post Evacuate Collection Set: 0.7ms
[2025-11-27T07:30:28.086+0000][gc,phases   ] GC(0)   Other: 1.9ms
[2025-11-27T07:30:28.086+0000][gc,heap     ] GC(0) Eden regions: 51->0(44)
[2025-11-27T07:30:28.086+0000][gc,heap     ] GC(0) Survivor regions: 0->7(7)
[2025-11-27T07:30:28.086+0000][gc,heap     ] GC(0) Old regions: 0->2
[2025-11-27T07:30:28.086+0000][gc,heap     ] GC(0) Archive regions: 2->2
[2025-11-27T07:30:28.086+0000][gc,heap     ] GC(0) Humongous regions: 0->0
[2025-11-27T07:30:28.087+0000][gc,metaspace] GC(0) Metaspace: 16793K(17024K)->16793K(17024K) NonClass: 14787K(14912K)->14787K(14912K) Class: 2005K(2112K)->2005K(2112K)
[2025-11-27T07:30:28.087+0000][gc          ] GC(0) Pause Young (Normal) (G1 Evacuation Pause) 51M->9M(1024M) 12.928ms
[2025-11-27T07:30:28.087+0000][gc,cpu      ] GC(0) User=0.01s Sys=0.02s Real=0.01s
[2025-11-27T07:30:28.547+0000][gc,start    ] GC(1) Pause Young (Concurrent Start) (Metadata GC Threshold)
[2025-11-27T07:30:28.547+0000][gc,task     ] GC(1) Using 8 workers of 8 for evacuation
[2025-11-27T07:30:28.555+0000][gc,phases   ] GC(1)   Pre Evacuate Collection Set: 0.2ms
[2025-11-27T07:30:28.555+0000][gc,phases   ] GC(1)   Merge Heap Roots: 0.2ms
[2025-11-27T07:30:28.555+0000][gc,phases   ] GC(1)   Evacuate Collection Set: 6.3ms
[2025-11-27T07:30:28.556+0000][gc,phases   ] GC(1)   Post Evacuate Collection Set: 0.9ms
[2025-11-27T07:30:28.556+0000][gc,phases   ] GC(1)   Other: 0.7ms
[2025-11-27T07:30:28.556+0000][gc,heap     ] GC(1) Eden regions: 16->0(49)
[2025-11-27T07:30:28.556+0000][gc,heap     ] GC(1) Survivor regions: 7->2(7)
[2025-11-27T07:30:28.557+0000][gc,heap     ] GC(1) Old regions: 2->9
[2025-11-27T07:30:28.557+0000][gc,heap     ] GC(1) Archive regions: 2->2
[2025-11-27T07:30:28.557+0000][gc,heap     ] GC(1) Humongous regions: 0->0
[2025-11-27T07:30:28.557+0000][gc,metaspace] GC(1) Metaspace: 21325K(21504K)->21325K(21504K) NonClass: 18672K(18752K)->18672K(18752K) Class: 2652K(2752K)->2652K(2752K)
[2025-11-27T07:30:28.557+0000][gc          ] GC(1) Pause Young (Concurrent Start) (Metadata GC Threshold) 24M->10M(1024M) 10.490ms
[2025-11-27T07:30:28.557+0000][gc,cpu      ] GC(1) User=0.02s Sys=0.01s Real=0.02s
[2025-11-27T07:30:28.557+0000][gc          ] GC(2) Concurrent Mark Cycle
[2025-11-27T07:30:28.563+0000][gc,marking  ] GC(2) Concurrent Clear Claimed Marks
[2025-11-27T07:30:28.564+0000][gc,marking  ] GC(2) Concurrent Clear Claimed Marks 0.495ms
[2025-11-27T07:30:28.564+0000][gc,marking  ] GC(2) Concurrent Scan Root Regions
[2025-11-27T07:30:28.567+0000][gc,marking  ] GC(2) Concurrent Scan Root Regions 2.792ms
[2025-11-27T07:30:28.567+0000][gc,marking  ] GC(2) Concurrent Mark
[2025-11-27T07:30:28.567+0000][gc,marking  ] GC(2) Concurrent Mark From Roots
[2025-11-27T07:30:28.567+0000][gc,task     ] GC(2) Using 2 workers of 2 for marking
[2025-11-27T07:30:28.569+0000][gc,marking  ] GC(2) Concurrent Mark From Roots 2.144ms
[2025-11-27T07:30:28.570+0000][gc,marking  ] GC(2) Concurrent Preclean
[2025-11-27T07:30:28.570+0000][gc,marking  ] GC(2) Concurrent Preclean 0.226ms
[2025-11-27T07:30:28.570+0000][gc,start    ] GC(2) Pause Remark
[2025-11-27T07:30:28.572+0000][gc          ] GC(2) Pause Remark 10M->10M(1024M) 2.175ms
[2025-11-27T07:30:28.573+0000][gc,cpu      ] GC(2) User=0.00s Sys=0.00s Real=0.00s
[2025-11-27T07:30:28.573+0000][gc,marking  ] GC(2) Concurrent Mark 5.912ms
[2025-11-27T07:30:28.574+0000][gc,marking  ] GC(2) Concurrent Rebuild Remembered Sets
[2025-11-27T07:30:28.576+0000][gc,marking  ] GC(2) Concurrent Rebuild Remembered Sets 2.287ms
[2025-11-27T07:30:28.577+0000][gc,start    ] GC(2) Pause Cleanup
[2025-11-27T07:30:28.577+0000][gc          ] GC(2) Pause Cleanup 11M->11M(1024M) 0.432ms
[2025-11-27T07:30:28.577+0000][gc,cpu      ] GC(2) User=0.00s Sys=0.00s Real=0.00s
[2025-11-27T07:30:28.578+0000][gc,marking  ] GC(2) Concurrent Cleanup for Next Mark
[2025-11-27T07:30:28.595+0000][gc,marking  ] GC(2) Concurrent Cleanup for Next Mark 16.776ms
[2025-11-27T07:30:28.595+0000][gc          ] GC(2) Concurrent Mark Cycle 37.438ms
[2025-11-27T07:30:29.785+0000][gc,start    ] GC(3) Pause Young (Normal) (GCLocker Initiated GC)
[2025-11-27T07:30:29.787+0000][gc,task     ] GC(3) Using 8 workers of 8 for evacuation
[2025-11-27T07:30:29.796+0000][gc,phases   ] GC(3)   Pre Evacuate Collection Set: 0.6ms
[2025-11-27T07:30:29.799+0000][gc,phases   ] GC(3)   Merge Heap Roots: 0.1ms
[2025-11-27T07:30:29.799+0000][gc,phases   ] GC(3)   Evacuate Collection Set: 6.5ms
[2025-11-27T07:30:29.800+0000][gc,phases   ] GC(3)   Post Evacuate Collection Set: 1.5ms
[2025-11-27T07:30:29.800+0000][gc,phases   ] GC(3)   Other: 3.0ms
[2025-11-27T07:30:29.800+0000][gc,heap     ] GC(3) Eden regions: 49->0(45)
[2025-11-27T07:30:29.801+0000][gc,heap     ] GC(3) Survivor regions: 2->6(7)
[2025-11-27T07:30:29.801+0000][gc,heap     ] GC(3) Old regions: 9->9
[2025-11-27T07:30:29.803+0000][gc,heap     ] GC(3) Archive regions: 2->2
[2025-11-27T07:30:29.804+0000][gc,heap     ] GC(3) Humongous regions: 0->0
[2025-11-27T07:30:29.805+0000][gc,metaspace] GC(3) Metaspace: 33800K(34176K)->33800K(34176K) NonClass: 29851K(30016K)->29851K(30016K) Class: 3949K(4160K)->3949K(4160K)
[2025-11-27T07:30:29.805+0000][gc          ] GC(3) Pause Young (Normal) (GCLocker Initiated GC) 59M->14M(1024M) 19.960ms
[2025-11-27T07:30:29.805+0000][gc,cpu      ] GC(3) User=0.04s Sys=0.00s Real=0.02s
[2025-11-27T07:30:30.180+0000][gc,start    ] GC(4) Pause Young (Concurrent Start) (Metadata GC Threshold)
[2025-11-27T07:30:30.180+0000][gc,task     ] GC(4) Using 8 workers of 8 for evacuation
[2025-11-27T07:30:30.211+0000][gc,mmu      ] GC(4) MMU target violated: 21.0ms (20.0ms/21.0ms)
[2025-11-27T07:30:30.211+0000][gc,phases   ] GC(4)   Pre Evacuate Collection Set: 0.3ms
[2025-11-27T07:30:30.215+0000][gc,phases   ] GC(4)   Merge Heap Roots: 0.0ms
[2025-11-27T07:30:30.216+0000][gc,phases   ] GC(4)   Evacuate Collection Set: 20.0ms
[2025-11-27T07:30:30.216+0000][gc,phases   ] GC(4)   Post Evacuate Collection Set: 9.6ms
[2025-11-27T07:30:30.216+0000][gc,phases   ] GC(4)   Other: 1.4ms
[2025-11-27T07:30:30.216+0000][gc,heap     ] GC(4) Eden regions: 11->0(50)
[2025-11-27T07:30:30.216+0000][gc,heap     ] GC(4) Survivor regions: 6->1(7)
[2025-11-27T07:30:30.217+0000][gc,heap     ] GC(4) Old regions: 9->14
[2025-11-27T07:30:30.217+0000][gc,heap     ] GC(4) Archive regions: 2->2
[2025-11-27T07:30:30.217+0000][gc,heap     ] GC(4) Humongous regions: 0->0
[2025-11-27T07:30:30.218+0000][gc,metaspace] GC(4) Metaspace: 35803K(36160K)->35803K(36160K) NonClass: 31643K(31808K)->31643K(31808K) Class: 4160K(4352K)->4160K(4352K)
[2025-11-27T07:30:30.218+0000][gc          ] GC(4) Pause Young (Concurrent Start) (Metadata GC Threshold) 25M->15M(1024M) 37.733ms
[2025-11-27T07:30:30.218+0000][gc,cpu      ] GC(4) User=0.02s Sys=0.02s Real=0.04s
[2025-11-27T07:30:30.223+0000][gc          ] GC(5) Concurrent Mark Cycle
[2025-11-27T07:30:30.224+0000][gc,marking  ] GC(5) Concurrent Clear Claimed Marks
[2025-11-27T07:30:30.224+0000][gc,marking  ] GC(5) Concurrent Clear Claimed Marks 0.290ms
[2025-11-27T07:30:30.224+0000][gc,marking  ] GC(5) Concurrent Scan Root Regions
[2025-11-27T07:30:30.231+0000][gc,marking  ] GC(5) Concurrent Scan Root Regions 6.662ms
[2025-11-27T07:30:30.231+0000][gc,marking  ] GC(5) Concurrent Mark
[2025-11-27T07:30:30.232+0000][gc,marking  ] GC(5) Concurrent Mark From Roots
[2025-11-27T07:30:30.232+0000][gc,task     ] GC(5) Using 2 workers of 2 for marking
[2025-11-27T07:30:30.249+0000][gc,marking  ] GC(5) Concurrent Mark From Roots 17.452ms
[2025-11-27T07:30:30.250+0000][gc,marking  ] GC(5) Concurrent Preclean
[2025-11-27T07:30:30.250+0000][gc,marking  ] GC(5) Concurrent Preclean 0.376ms
[2025-11-27T07:30:30.266+0000][gc,start    ] GC(5) Pause Remark
[2025-11-27T07:30:30.276+0000][gc          ] GC(5) Pause Remark 16M->16M(1024M) 10.423ms
[2025-11-27T07:30:30.279+0000][gc,cpu      ] GC(5) User=0.01s Sys=0.01s Real=0.02s
[2025-11-27T07:30:30.280+0000][gc,marking  ] GC(5) Concurrent Mark 48.335ms
[2025-11-27T07:30:30.285+0000][gc,marking  ] GC(5) Concurrent Rebuild Remembered Sets
[2025-11-27T07:30:30.297+0000][gc,marking  ] GC(5) Concurrent Rebuild Remembered Sets 12.181ms
[2025-11-27T07:30:30.300+0000][gc,start    ] GC(5) Pause Cleanup
[2025-11-27T07:30:30.307+0000][gc          ] GC(5) Pause Cleanup 16M->16M(1024M) 7.302ms
[2025-11-27T07:30:30.308+0000][gc,cpu      ] GC(5) User=0.00s Sys=0.00s Real=0.01s
[2025-11-27T07:30:30.312+0000][gc,marking  ] GC(5) Concurrent Cleanup for Next Mark
[2025-11-27T07:30:30.327+0000][gc,marking  ] GC(5) Concurrent Cleanup for Next Mark 15.846ms
[2025-11-27T07:30:30.329+0000][gc          ] GC(5) Concurrent Mark Cycle 106.125ms
[2025-11-27T07:30:45.913+0000][gc,start    ] GC(6) Pause Young (Prepare Mixed) (G1 Evacuation Pause)
[2025-11-27T07:30:45.914+0000][gc,task     ] GC(6) Using 8 workers of 8 for evacuation
[2025-11-27T07:30:45.921+0000][gc,phases   ] GC(6)   Pre Evacuate Collection Set: 0.3ms
[2025-11-27T07:30:45.922+0000][gc,phases   ] GC(6)   Merge Heap Roots: 0.2ms
[2025-11-27T07:30:45.922+0000][gc,phases   ] GC(6)   Evacuate Collection Set: 5.2ms
[2025-11-27T07:30:45.922+0000][gc,phases   ] GC(6)   Post Evacuate Collection Set: 1.5ms
[2025-11-27T07:30:45.923+0000][gc,phases   ] GC(6)   Other: 0.9ms
[2025-11-27T07:30:45.923+0000][gc,heap     ] GC(6) Eden regions: 50->0(44)
[2025-11-27T07:30:45.923+0000][gc,heap     ] GC(6) Survivor regions: 1->7(7)
[2025-11-27T07:30:45.924+0000][gc,heap     ] GC(6) Old regions: 14->15
[2025-11-27T07:30:45.924+0000][gc,heap     ] GC(6) Archive regions: 2->2
[2025-11-27T07:30:45.924+0000][gc,heap     ] GC(6) Humongous regions: 129->129
[2025-11-27T07:30:45.924+0000][gc,metaspace] GC(6) Metaspace: 43098K(43776K)->43098K(43776K) NonClass: 38036K(38400K)->38036K(38400K) Class: 5062K(5376K)->5062K(5376K)
[2025-11-27T07:30:45.924+0000][gc          ] GC(6) Pause Young (Prepare Mixed) (G1 Evacuation Pause) 194M->151M(1024M) 10.973ms
[2025-11-27T07:30:45.925+0000][gc,cpu      ] GC(6) User=0.03s Sys=0.02s Real=0.02s
[2025-11-27T07:36:35.712+0000][gc,start    ] GC(7) Pause Young (Mixed) (G1 Evacuation Pause)
[2025-11-27T07:36:35.713+0000][gc,task     ] GC(7) Using 8 workers of 8 for evacuation
[2025-11-27T07:36:35.721+0000][gc,phases   ] GC(7)   Pre Evacuate Collection Set: 0.5ms
[2025-11-27T07:36:35.721+0000][gc,phases   ] GC(7)   Merge Heap Roots: 0.2ms
[2025-11-27T07:36:35.722+0000][gc,phases   ] GC(7)   Evacuate Collection Set: 5.2ms
[2025-11-27T07:36:35.722+0000][gc,phases   ] GC(7)   Post Evacuate Collection Set: 1.5ms
[2025-11-27T07:36:35.723+0000][gc,phases   ] GC(7)   Other: 1.3ms
[2025-11-27T07:36:35.723+0000][gc,heap     ] GC(7) Eden regions: 44->0(49)
[2025-11-27T07:36:35.724+0000][gc,heap     ] GC(7) Survivor regions: 7->2(7)
[2025-11-27T07:36:35.724+0000][gc,heap     ] GC(7) Old regions: 15->22
[2025-11-27T07:36:35.724+0000][gc,heap     ] GC(7) Archive regions: 2->2
[2025-11-27T07:36:35.725+0000][gc,heap     ] GC(7) Humongous regions: 129->129
[2025-11-27T07:36:35.725+0000][gc,metaspace] GC(7) Metaspace: 44822K(45504K)->44822K(45504K) NonClass: 39654K(40000K)->39654K(40000K) Class: 5167K(5504K)->5167K(5504K)
[2025-11-27T07:36:35.725+0000][gc          ] GC(7) Pause Young (Mixed) (G1 Evacuation Pause) 195M->153M(1024M) 13.011ms
[2025-11-27T07:36:35.726+0000][gc,cpu      ] GC(7) User=0.03s Sys=0.01s Real=0.01s
