[2025-11-27T07:30:26.950+0000][gc] Using G1
[2025-11-27T07:30:26.958+0000][gc,init] Version: 17.0.17+10-adhoc.root.jdk17u (release)
[2025-11-27T07:30:26.959+0000][gc,init] CPUs: 8 total, 8 available
[2025-11-27T07:30:26.960+0000][gc,init] Memory: 7634M
[2025-11-27T07:30:26.960+0000][gc,init] Large Page Support: Disabled
[2025-11-27T07:30:26.960+0000][gc,init] NUMA Support: Disabled
[2025-11-27T07:30:26.960+0000][gc,init] Compressed Oops: Enabled (32-bit)
[2025-11-27T07:30:26.960+0000][gc,init] Heap Region Size: 1M
[2025-11-27T07:30:26.960+0000][gc,init] Heap Min Capacity: 1G
[2025-11-27T07:30:26.960+0000][gc,init] Heap Initial Capacity: 1G
[2025-11-27T07:30:26.961+0000][gc,init] Heap Max Capacity: 1G
[2025-11-27T07:30:26.961+0000][gc,init] Pre-touch: Disabled
[2025-11-27T07:30:26.961+0000][gc,init] Parallel Workers: 8
[2025-11-27T07:30:26.961+0000][gc,init] Concurrent Workers: 2
[2025-11-27T07:30:26.961+0000][gc,init] Concurrent Refinement Workers: 8
[2025-11-27T07:30:26.961+0000][gc,init] Periodic GC: Disabled
[2025-11-27T07:30:26.966+0000][gc,metaspace] CDS archive(s) mapped at: [0x000075313b000000-0x000075313bbdc000-0x000075313bbdc000), size 12435456, SharedBaseAddress: 0x000075313b000000, ArchiveRelocationMode: 1.
[2025-11-27T07:30:26.966+0000][gc,metaspace] Compressed class space mapped at: 0x000075313c000000-0x000075317c000000, reserved size: 1073741824
[2025-11-27T07:30:26.966+0000][gc,metaspace] Narrow klass base: 0x000075313b000000, Narrow klass shift: 0, Narrow klass range: 0x100000000
[2025-11-27T07:30:28.032+0000][gc,start    ] GC(0) Pause Young (Normal) (G1 Evacuation Pause)
[2025-11-27T07:30:28.034+0000][gc,task     ] GC(0) Using 8 workers of 8 for evacuation
[2025-11-27T07:30:28.043+0000][gc,phases   ] GC(0)   Pre Evacuate Collection Set: 0.2ms
[2025-11-27T07:30:28.043+0000][gc,phases   ] GC(0)   Merge Heap Roots: 0.1ms
[2025-11-27T07:30:28.043+0000][gc,phases   ] GC(0)   Evacuate Collection Set: 7.9ms
[2025-11-27T07:30:28.043+0000][gc,phases   ] GC(0)   Post Evacuate Collection Set: 0.8ms
[2025-11-27T07:30:28.043+0000][gc,phases   ] GC(0)   Other: 1.8ms
[2025-11-27T07:30:28.043+0000][gc,heap     ] GC(0) Eden regions: 51->0(44)
[2025-11-27T07:30:28.044+0000][gc,heap     ] GC(0) Survivor regions: 0->7(7)
[2025-11-27T07:30:28.044+0000][gc,heap     ] GC(0) Old regions: 0->2
[2025-11-27T07:30:28.044+0000][gc,heap     ] GC(0) Archive regions: 2->2
[2025-11-27T07:30:28.044+0000][gc,heap     ] GC(0) Humongous regions: 0->0
[2025-11-27T07:30:28.044+0000][gc,metaspace] GC(0) Metaspace: 16826K(17024K)->16826K(17024K) NonClass: 14821K(14912K)->14821K(14912K) Class: 2005K(2112K)->2005K(2112K)
[2025-11-27T07:30:28.044+0000][gc          ] GC(0) Pause Young (Normal) (G1 Evacuation Pause) 51M->9M(1024M) 12.201ms
[2025-11-27T07:30:28.044+0000][gc,cpu      ] GC(0) User=0.03s Sys=0.00s Real=0.01s
[2025-11-27T07:30:28.382+0000][gc,start    ] GC(1) Pause Young (Concurrent Start) (Metadata GC Threshold)
[2025-11-27T07:30:28.383+0000][gc,task     ] GC(1) Using 8 workers of 8 for evacuation
[2025-11-27T07:30:28.393+0000][gc,phases   ] GC(1)   Pre Evacuate Collection Set: 0.2ms
[2025-11-27T07:30:28.393+0000][gc,phases   ] GC(1)   Merge Heap Roots: 0.1ms
[2025-11-27T07:30:28.397+0000][gc,phases   ] GC(1)   Evacuate Collection Set: 8.1ms
[2025-11-27T07:30:28.397+0000][gc,phases   ] GC(1)   Post Evacuate Collection Set: 0.9ms
[2025-11-27T07:30:28.397+0000][gc,phases   ] GC(1)   Other: 1.9ms
[2025-11-27T07:30:28.397+0000][gc,heap     ] GC(1) Eden regions: 15->0(50)
[2025-11-27T07:30:28.398+0000][gc,heap     ] GC(1) Survivor regions: 7->1(7)
[2025-11-27T07:30:28.398+0000][gc,heap     ] GC(1) Old regions: 2->9
[2025-11-27T07:30:28.398+0000][gc,heap     ] GC(1) Archive regions: 2->2
[2025-11-27T07:30:28.398+0000][gc,heap     ] GC(1) Humongous regions: 0->0
[2025-11-27T07:30:28.398+0000][gc,metaspace] GC(1) Metaspace: 21284K(21504K)->21284K(21504K) NonClass: 18642K(18752K)->18642K(18752K) Class: 2642K(2752K)->2642K(2752K)
[2025-11-27T07:30:28.398+0000][gc          ] GC(1) Pause Young (Concurrent Start) (Metadata GC Threshold) 23M->10M(1024M) 16.675ms
[2025-11-27T07:30:28.398+0000][gc,cpu      ] GC(1) User=0.03s Sys=0.01s Real=0.02s
[2025-11-27T07:30:28.399+0000][gc          ] GC(2) Concurrent Mark Cycle
[2025-11-27T07:30:28.402+0000][gc,marking  ] GC(2) Concurrent Clear Claimed Marks
[2025-11-27T07:30:28.404+0000][gc,marking  ] GC(2) Concurrent Clear Claimed Marks 1.609ms
[2025-11-27T07:30:28.405+0000][gc,marking  ] GC(2) Concurrent Scan Root Regions
[2025-11-27T07:30:28.409+0000][gc,marking  ] GC(2) Concurrent Scan Root Regions 3.885ms
[2025-11-27T07:30:28.417+0000][gc,marking  ] GC(2) Concurrent Mark
[2025-11-27T07:30:28.417+0000][gc,marking  ] GC(2) Concurrent Mark From Roots
[2025-11-27T07:30:28.418+0000][gc,task     ] GC(2) Using 2 workers of 2 for marking
[2025-11-27T07:30:28.423+0000][gc,marking  ] GC(2) Concurrent Mark From Roots 5.981ms
[2025-11-27T07:30:28.428+0000][gc,marking  ] GC(2) Concurrent Preclean
[2025-11-27T07:30:28.428+0000][gc,marking  ] GC(2) Concurrent Preclean 0.615ms
[2025-11-27T07:30:28.434+0000][gc,start    ] GC(2) Pause Remark
[2025-11-27T07:30:28.445+0000][gc          ] GC(2) Pause Remark 11M->11M(1024M) 10.749ms
[2025-11-27T07:30:28.445+0000][gc,cpu      ] GC(2) User=0.01s Sys=0.00s Real=0.01s
[2025-11-27T07:30:28.446+0000][gc,marking  ] GC(2) Concurrent Mark 28.475ms
[2025-11-27T07:30:28.446+0000][gc,marking  ] GC(2) Concurrent Rebuild Remembered Sets
[2025-11-27T07:30:28.449+0000][gc,marking  ] GC(2) Concurrent Rebuild Remembered Sets 2.669ms
[2025-11-27T07:30:28.451+0000][gc,start    ] GC(2) Pause Cleanup
[2025-11-27T07:30:28.452+0000][gc          ] GC(2) Pause Cleanup 11M->11M(1024M) 0.564ms
[2025-11-27T07:30:28.452+0000][gc,cpu      ] GC(2) User=0.00s Sys=0.00s Real=0.00s
[2025-11-27T07:30:28.456+0000][gc,marking  ] GC(2) Concurrent Cleanup for Next Mark
[2025-11-27T07:30:28.467+0000][gc,marking  ] GC(2) Concurrent Cleanup for Next Mark 11.298ms
[2025-11-27T07:30:28.468+0000][gc          ] GC(2) Concurrent Mark Cycle 69.051ms
[2025-11-27T07:30:29.632+0000][gc,start    ] GC(3) Pause Young (Normal) (G1 Evacuation Pause)
[2025-11-27T07:30:29.632+0000][gc,task     ] GC(3) Using 8 workers of 8 for evacuation
[2025-11-27T07:30:29.643+0000][gc,phases   ] GC(3)   Pre Evacuate Collection Set: 0.3ms
[2025-11-27T07:30:29.645+0000][gc,phases   ] GC(3)   Merge Heap Roots: 0.2ms
[2025-11-27T07:30:29.645+0000][gc,phases   ] GC(3)   Evacuate Collection Set: 7.1ms
[2025-11-27T07:30:29.646+0000][gc,phases   ] GC(3)   Post Evacuate Collection Set: 3.6ms
[2025-11-27T07:30:29.646+0000][gc,phases   ] GC(3)   Other: 0.6ms
[2025-11-27T07:30:29.646+0000][gc,heap     ] GC(3) Eden regions: 50->0(45)
[2025-11-27T07:30:29.646+0000][gc,heap     ] GC(3) Survivor regions: 1->6(7)
[2025-11-27T07:30:29.646+0000][gc,heap     ] GC(3) Old regions: 9->9
[2025-11-27T07:30:29.646+0000][gc,heap     ] GC(3) Archive regions: 2->2
[2025-11-27T07:30:29.646+0000][gc,heap     ] GC(3) Humongous regions: 0->0
[2025-11-27T07:30:29.647+0000][gc,metaspace] GC(3) Metaspace: 33821K(34240K)->33821K(34240K) NonClass: 29874K(30080K)->29874K(30080K) Class: 3946K(4160K)->3946K(4160K)
[2025-11-27T07:30:29.647+0000][gc          ] GC(3) Pause Young (Normal) (G1 Evacuation Pause) 60M->14M(1024M) 14.904ms
[2025-11-27T07:30:29.647+0000][gc,cpu      ] GC(3) User=0.03s Sys=0.01s Real=0.02s
[2025-11-27T07:30:29.916+0000][gc,start    ] GC(4) Pause Young (Concurrent Start) (Metadata GC Threshold)
[2025-11-27T07:30:29.916+0000][gc,task     ] GC(4) Using 8 workers of 8 for evacuation
[2025-11-27T07:30:29.934+0000][gc,phases   ] GC(4)   Pre Evacuate Collection Set: 3.6ms
[2025-11-27T07:30:29.934+0000][gc,phases   ] GC(4)   Merge Heap Roots: 0.1ms
[2025-11-27T07:30:29.935+0000][gc,phases   ] GC(4)   Evacuate Collection Set: 9.3ms
[2025-11-27T07:30:29.935+0000][gc,phases   ] GC(4)   Post Evacuate Collection Set: 1.6ms
[2025-11-27T07:30:29.935+0000][gc,phases   ] GC(4)   Other: 3.9ms
[2025-11-27T07:30:29.935+0000][gc,heap     ] GC(4) Eden regions: 10->0(49)
[2025-11-27T07:30:29.936+0000][gc,heap     ] GC(4) Survivor regions: 6->2(7)
[2025-11-27T07:30:29.936+0000][gc,heap     ] GC(4) Old regions: 9->14
[2025-11-27T07:30:29.939+0000][gc,heap     ] GC(4) Archive regions: 2->2
[2025-11-27T07:30:29.940+0000][gc,heap     ] GC(4) Humongous regions: 0->0
[2025-11-27T07:30:29.940+0000][gc,metaspace] GC(4) Metaspace: 35576K(35968K)->35576K(35968K) NonClass: 31452K(31680K)->31452K(31680K) Class: 4123K(4288K)->4123K(4288K)
[2025-11-27T07:30:29.940+0000][gc          ] GC(4) Pause Young (Concurrent Start) (Metadata GC Threshold) 24M->15M(1024M) 24.433ms
[2025-11-27T07:30:29.941+0000][gc,cpu      ] GC(4) User=0.02s Sys=0.01s Real=0.02s
[2025-11-27T07:30:29.941+0000][gc          ] GC(5) Concurrent Mark Cycle
[2025-11-27T07:30:29.942+0000][gc,marking  ] GC(5) Concurrent Clear Claimed Marks
[2025-11-27T07:30:29.943+0000][gc,marking  ] GC(5) Concurrent Clear Claimed Marks 1.630ms
[2025-11-27T07:30:29.944+0000][gc,marking  ] GC(5) Concurrent Scan Root Regions
[2025-11-27T07:30:29.952+0000][gc,marking  ] GC(5) Concurrent Scan Root Regions 8.090ms
[2025-11-27T07:30:29.952+0000][gc,marking  ] GC(5) Concurrent Mark
[2025-11-27T07:30:29.952+0000][gc,marking  ] GC(5) Concurrent Mark From Roots
[2025-11-27T07:30:29.953+0000][gc,task     ] GC(5) Using 2 workers of 2 for marking
[2025-11-27T07:30:29.981+0000][gc,marking  ] GC(5) Concurrent Mark From Roots 28.361ms
[2025-11-27T07:30:29.983+0000][gc,marking  ] GC(5) Concurrent Preclean
[2025-11-27T07:30:29.985+0000][gc,marking  ] GC(5) Concurrent Preclean 2.229ms
[2025-11-27T07:30:29.987+0000][gc,start    ] GC(5) Pause Remark
[2025-11-27T07:30:29.993+0000][gc          ] GC(5) Pause Remark 17M->17M(1024M) 5.957ms
[2025-11-27T07:30:29.993+0000][gc,cpu      ] GC(5) User=0.02s Sys=0.00s Real=0.01s
[2025-11-27T07:30:29.993+0000][gc,marking  ] GC(5) Concurrent Mark 41.116ms
[2025-11-27T07:30:29.994+0000][gc,marking  ] GC(5) Concurrent Rebuild Remembered Sets
[2025-11-27T07:30:30.014+0000][gc,marking  ] GC(5) Concurrent Rebuild Remembered Sets 20.723ms
[2025-11-27T07:30:30.023+0000][gc,start    ] GC(5) Pause Cleanup
[2025-11-27T07:30:30.024+0000][gc          ] GC(5) Pause Cleanup 18M->18M(1024M) 0.663ms
[2025-11-27T07:30:30.024+0000][gc,cpu      ] GC(5) User=0.00s Sys=0.00s Real=0.00s
[2025-11-27T07:30:30.025+0000][gc,marking  ] GC(5) Concurrent Cleanup for Next Mark
[2025-11-27T07:30:30.049+0000][gc,marking  ] GC(5) Concurrent Cleanup for Next Mark 23.454ms
[2025-11-27T07:30:30.049+0000][gc          ] GC(5) Concurrent Mark Cycle 107.890ms
[2025-11-27T07:30:33.444+0000][gc,start    ] GC(6) Pause Young (Prepare Mixed) (G1 Evacuation Pause)
[2025-11-27T07:30:33.444+0000][gc,task     ] GC(6) Using 8 workers of 8 for evacuation
[2025-11-27T07:30:33.450+0000][gc,phases   ] GC(6)   Pre Evacuate Collection Set: 0.3ms
[2025-11-27T07:30:33.451+0000][gc,phases   ] GC(6)   Merge Heap Roots: 0.1ms
[2025-11-27T07:30:33.451+0000][gc,phases   ] GC(6)   Evacuate Collection Set: 4.1ms
[2025-11-27T07:30:33.452+0000][gc,phases   ] GC(6)   Post Evacuate Collection Set: 1.0ms
[2025-11-27T07:30:33.452+0000][gc,phases   ] GC(6)   Other: 0.8ms
[2025-11-27T07:30:33.452+0000][gc,heap     ] GC(6) Eden regions: 49->0(44)
[2025-11-27T07:30:33.452+0000][gc,heap     ] GC(6) Survivor regions: 2->7(7)
[2025-11-27T07:30:33.452+0000][gc,heap     ] GC(6) Old regions: 14->16
[2025-11-27T07:30:33.452+0000][gc,heap     ] GC(6) Archive regions: 2->2
[2025-11-27T07:30:33.452+0000][gc,heap     ] GC(6) Humongous regions: 129->129
[2025-11-27T07:30:33.452+0000][gc,metaspace] GC(6) Metaspace: 42847K(43520K)->42847K(43520K) NonClass: 37805K(38208K)->37805K(38208K) Class: 5042K(5312K)->5042K(5312K)
[2025-11-27T07:30:33.453+0000][gc          ] GC(6) Pause Young (Prepare Mixed) (G1 Evacuation Pause) 193M->152M(1024M) 8.779ms
[2025-11-27T07:30:33.453+0000][gc,cpu      ] GC(6) User=0.03s Sys=0.00s Real=0.01s
[2025-11-27T07:36:36.654+0000][gc,start    ] GC(7) Pause Young (Mixed) (G1 Evacuation Pause)
[2025-11-27T07:36:36.654+0000][gc,task     ] GC(7) Using 8 workers of 8 for evacuation
[2025-11-27T07:36:36.662+0000][gc,phases   ] GC(7)   Pre Evacuate Collection Set: 0.5ms
[2025-11-27T07:36:36.663+0000][gc,phases   ] GC(7)   Merge Heap Roots: 0.1ms
[2025-11-27T07:36:36.663+0000][gc,phases   ] GC(7)   Evacuate Collection Set: 6.7ms
[2025-11-27T07:36:36.663+0000][gc,phases   ] GC(7)   Post Evacuate Collection Set: 0.9ms
[2025-11-27T07:36:36.664+0000][gc,phases   ] GC(7)   Other: 0.5ms
[2025-11-27T07:36:36.664+0000][gc,heap     ] GC(7) Eden regions: 44->0(49)
[2025-11-27T07:36:36.664+0000][gc,heap     ] GC(7) Survivor regions: 7->2(7)
[2025-11-27T07:36:36.664+0000][gc,heap     ] GC(7) Old regions: 16->23
[2025-11-27T07:36:36.665+0000][gc,heap     ] GC(7) Archive regions: 2->2
[2025-11-27T07:36:36.665+0000][gc,heap     ] GC(7) Humongous regions: 129->129
[2025-11-27T07:36:36.665+0000][gc,metaspace] GC(7) Metaspace: 44499K(45120K)->44499K(45120K) NonClass: 39405K(39744K)->39405K(39744K) Class: 5094K(5376K)->5094K(5376K)
[2025-11-27T07:36:36.665+0000][gc          ] GC(7) Pause Young (Mixed) (G1 Evacuation Pause) 196M->153M(1024M) 11.580ms
[2025-11-27T07:36:36.666+0000][gc,cpu      ] GC(7) User=0.04s Sys=0.01s Real=0.01s
