[2025-11-27T07:39:45.252+0000][gc] Using G1
[2025-11-27T07:39:45.274+0000][gc,init] Version: 17.0.17+10-adhoc.root.jdk17u (release)
[2025-11-27T07:39:45.275+0000][gc,init] CPUs: 8 total, 8 available
[2025-11-27T07:39:45.275+0000][gc,init] Memory: 7634M
[2025-11-27T07:39:45.276+0000][gc,init] Large Page Support: Disabled
[2025-11-27T07:39:45.276+0000][gc,init] NUMA Support: Disabled
[2025-11-27T07:39:45.276+0000][gc,init] Compressed Oops: Enabled (32-bit)
[2025-11-27T07:39:45.276+0000][gc,init] Heap Region Size: 1M
[2025-11-27T07:39:45.277+0000][gc,init] Heap Min Capacity: 1G
[2025-11-27T07:39:45.277+0000][gc,init] Heap Initial Capacity: 1G
[2025-11-27T07:39:45.277+0000][gc,init] Heap Max Capacity: 1G
[2025-11-27T07:39:45.278+0000][gc,init] Pre-touch: Disabled
[2025-11-27T07:39:45.278+0000][gc,init] Parallel Workers: 8
[2025-11-27T07:39:45.278+0000][gc,init] Concurrent Workers: 2
[2025-11-27T07:39:45.278+0000][gc,init] Concurrent Refinement Workers: 8
[2025-11-27T07:39:45.279+0000][gc,init] Periodic GC: Disabled
[2025-11-27T07:39:45.291+0000][gc,metaspace] CDS archive(s) mapped at: [0x000077252b000000-0x000077252bbdc000-0x000077252bbdc000), size 12435456, SharedBaseAddress: 0x000077252b000000, ArchiveRelocationMode: 1.
[2025-11-27T07:39:45.295+0000][gc,metaspace] Compressed class space mapped at: 0x000077252c000000-0x000077256c000000, reserved size: 1073741824
[2025-11-27T07:39:45.296+0000][gc,metaspace] Narrow klass base: 0x000077252b000000, Narrow klass shift: 0, Narrow klass range: 0x100000000
[2025-11-27T07:39:47.776+0000][gc,start    ] GC(0) Pause Young (Normal) (G1 Evacuation Pause)
[2025-11-27T07:39:47.779+0000][gc,task     ] GC(0) Using 8 workers of 8 for evacuation
[2025-11-27T07:39:47.802+0000][gc,mmu      ] GC(0) MMU target violated: 21.0ms (20.0ms/21.0ms)
[2025-11-27T07:39:47.802+0000][gc,phases   ] GC(0)   Pre Evacuate Collection Set: 0.3ms
[2025-11-27T07:39:47.803+0000][gc,phases   ] GC(0)   Merge Heap Roots: 0.3ms
[2025-11-27T07:39:47.803+0000][gc,phases   ] GC(0)   Evacuate Collection Set: 19.8ms
[2025-11-27T07:39:47.803+0000][gc,phases   ] GC(0)   Post Evacuate Collection Set: 2.1ms
[2025-11-27T07:39:47.804+0000][gc,phases   ] GC(0)   Other: 3.9ms
[2025-11-27T07:39:47.804+0000][gc,heap     ] GC(0) Eden regions: 51->0(44)
[2025-11-27T07:39:47.804+0000][gc,heap     ] GC(0) Survivor regions: 0->7(7)
[2025-11-27T07:39:47.805+0000][gc,heap     ] GC(0) Old regions: 0->2
[2025-11-27T07:39:47.805+0000][gc,heap     ] GC(0) Archive regions: 2->2
[2025-11-27T07:39:47.805+0000][gc,heap     ] GC(0) Humongous regions: 0->0
[2025-11-27T07:39:47.805+0000][gc,metaspace] GC(0) Metaspace: 16775K(17024K)->16775K(17024K) NonClass: 14770K(14912K)->14770K(14912K) Class: 2004K(2112K)->2004K(2112K)
[2025-11-27T07:39:47.806+0000][gc          ] GC(0) Pause Young (Normal) (G1 Evacuation Pause) 51M->9M(1024M) 29.684ms
[2025-11-27T07:39:47.806+0000][gc,cpu      ] GC(0) User=0.05s Sys=0.03s Real=0.03s
[2025-11-27T07:39:48.481+0000][gc,start    ] GC(1) Pause Young (Concurrent Start) (Metadata GC Threshold)
[2025-11-27T07:39:48.484+0000][gc,task     ] GC(1) Using 8 workers of 8 for evacuation
[2025-11-27T07:39:48.504+0000][gc,phases   ] GC(1)   Pre Evacuate Collection Set: 0.3ms
[2025-11-27T07:39:48.505+0000][gc,phases   ] GC(1)   Merge Heap Roots: 0.2ms
[2025-11-27T07:39:48.505+0000][gc,phases   ] GC(1)   Evacuate Collection Set: 16.1ms
[2025-11-27T07:39:48.505+0000][gc,phases   ] GC(1)   Post Evacuate Collection Set: 1.1ms
[2025-11-27T07:39:48.506+0000][gc,phases   ] GC(1)   Other: 5.6ms
[2025-11-27T07:39:48.506+0000][gc,heap     ] GC(1) Eden regions: 15->0(49)
[2025-11-27T07:39:48.506+0000][gc,heap     ] GC(1) Survivor regions: 7->2(7)
[2025-11-27T07:39:48.506+0000][gc,heap     ] GC(1) Old regions: 2->8
[2025-11-27T07:39:48.506+0000][gc,heap     ] GC(1) Archive regions: 2->2
[2025-11-27T07:39:48.507+0000][gc,heap     ] GC(1) Humongous regions: 0->0
[2025-11-27T07:39:48.507+0000][gc,metaspace] GC(1) Metaspace: 21313K(21504K)->21313K(21504K) NonClass: 18662K(18752K)->18662K(18752K) Class: 2651K(2752K)->2651K(2752K)
[2025-11-27T07:39:48.508+0000][gc          ] GC(1) Pause Young (Concurrent Start) (Metadata GC Threshold) 24M->10M(1024M) 26.558ms
[2025-11-27T07:39:48.508+0000][gc,cpu      ] GC(1) User=0.02s Sys=0.02s Real=0.03s
[2025-11-27T07:39:48.508+0000][gc          ] GC(2) Concurrent Mark Cycle
[2025-11-27T07:39:48.509+0000][gc,marking  ] GC(2) Concurrent Clear Claimed Marks
[2025-11-27T07:39:48.509+0000][gc,marking  ] GC(2) Concurrent Clear Claimed Marks 0.303ms
[2025-11-27T07:39:48.509+0000][gc,marking  ] GC(2) Concurrent Scan Root Regions
[2025-11-27T07:39:48.516+0000][gc,marking  ] GC(2) Concurrent Scan Root Regions 7.413ms
[2025-11-27T07:39:48.520+0000][gc,marking  ] GC(2) Concurrent Mark
[2025-11-27T07:39:48.523+0000][gc,marking  ] GC(2) Concurrent Mark From Roots
[2025-11-27T07:39:48.525+0000][gc,task     ] GC(2) Using 2 workers of 2 for marking
[2025-11-27T07:39:48.539+0000][gc,marking  ] GC(2) Concurrent Mark From Roots 16.449ms
[2025-11-27T07:39:48.540+0000][gc,marking  ] GC(2) Concurrent Preclean
[2025-11-27T07:39:48.542+0000][gc,marking  ] GC(2) Concurrent Preclean 1.947ms
[2025-11-27T07:39:48.544+0000][gc,start    ] GC(2) Pause Remark
[2025-11-27T07:39:48.557+0000][gc          ] GC(2) Pause Remark 10M->10M(1024M) 12.419ms
[2025-11-27T07:39:48.564+0000][gc,cpu      ] GC(2) User=0.01s Sys=0.00s Real=0.02s
[2025-11-27T07:39:48.565+0000][gc,marking  ] GC(2) Concurrent Mark 45.844ms
[2025-11-27T07:39:48.567+0000][gc,marking  ] GC(2) Concurrent Rebuild Remembered Sets
[2025-11-27T07:39:48.567+0000][gc,marking  ] GC(2) Concurrent Rebuild Remembered Sets 0.610ms
[2025-11-27T07:39:48.581+0000][gc,start    ] GC(2) Pause Cleanup
[2025-11-27T07:39:48.583+0000][gc          ] GC(2) Pause Cleanup 11M->11M(1024M) 1.596ms
[2025-11-27T07:39:48.584+0000][gc,cpu      ] GC(2) User=0.00s Sys=0.00s Real=0.01s
[2025-11-27T07:39:48.593+0000][gc,marking  ] GC(2) Concurrent Cleanup for Next Mark
[2025-11-27T07:39:48.631+0000][gc,marking  ] GC(2) Concurrent Cleanup for Next Mark 38.484ms
[2025-11-27T07:39:48.633+0000][gc          ] GC(2) Concurrent Mark Cycle 124.887ms
[2025-11-27T07:39:52.638+0000][gc,start    ] GC(3) Pause Young (Normal) (G1 Evacuation Pause)
[2025-11-27T07:39:52.638+0000][gc,task     ] GC(3) Using 8 workers of 8 for evacuation
[2025-11-27T07:39:52.680+0000][gc,mmu      ] GC(3) MMU target violated: 21.0ms (20.0ms/21.0ms)
[2025-11-27T07:39:52.680+0000][gc,phases   ] GC(3)   Pre Evacuate Collection Set: 9.1ms
[2025-11-27T07:39:52.681+0000][gc,phases   ] GC(3)   Merge Heap Roots: 0.1ms
[2025-11-27T07:39:52.685+0000][gc,phases   ] GC(3)   Evacuate Collection Set: 27.9ms
[2025-11-27T07:39:52.685+0000][gc,phases   ] GC(3)   Post Evacuate Collection Set: 4.4ms
[2025-11-27T07:39:52.686+0000][gc,phases   ] GC(3)   Other: 1.5ms
[2025-11-27T07:39:52.686+0000][gc,heap     ] GC(3) Eden regions: 49->0(45)
[2025-11-27T07:39:52.687+0000][gc,heap     ] GC(3) Survivor regions: 2->6(7)
[2025-11-27T07:39:52.687+0000][gc,heap     ] GC(3) Old regions: 8->8
[2025-11-27T07:39:52.687+0000][gc,heap     ] GC(3) Archive regions: 2->2
[2025-11-27T07:39:52.687+0000][gc,heap     ] GC(3) Humongous regions: 0->0
[2025-11-27T07:39:52.688+0000][gc,metaspace] GC(3) Metaspace: 33668K(33984K)->33668K(33984K) NonClass: 29760K(29952K)->29760K(29952K) Class: 3908K(4032K)->3908K(4032K)
[2025-11-27T07:39:52.688+0000][gc          ] GC(3) Pause Young (Normal) (G1 Evacuation Pause) 59M->14M(1024M) 50.477ms
[2025-11-27T07:39:52.688+0000][gc,cpu      ] GC(3) User=0.07s Sys=0.00s Real=0.05s
[2025-11-27T07:39:53.327+0000][gc,start    ] GC(4) Pause Young (Concurrent Start) (Metadata GC Threshold)
[2025-11-27T07:39:53.327+0000][gc,task     ] GC(4) Using 8 workers of 8 for evacuation
[2025-11-27T07:39:53.370+0000][gc,mmu      ] GC(4) MMU target violated: 21.0ms (20.0ms/21.0ms)
[2025-11-27T07:39:53.423+0000][gc,phases   ] GC(4)   Pre Evacuate Collection Set: 0.4ms
[2025-11-27T07:39:53.467+0000][gc,phases   ] GC(4)   Merge Heap Roots: 0.1ms
[2025-11-27T07:39:53.468+0000][gc,phases   ] GC(4)   Evacuate Collection Set: 16.8ms
[2025-11-27T07:39:53.468+0000][gc,phases   ] GC(4)   Post Evacuate Collection Set: 24.7ms
[2025-11-27T07:39:53.468+0000][gc,phases   ] GC(4)   Other: 54.5ms
[2025-11-27T07:39:53.468+0000][gc,heap     ] GC(4) Eden regions: 10->0(49)
[2025-11-27T07:39:53.470+0000][gc,heap     ] GC(4) Survivor regions: 6->2(7)
[2025-11-27T07:39:53.471+0000][gc,heap     ] GC(4) Old regions: 8->14
[2025-11-27T07:39:53.471+0000][gc,heap     ] GC(4) Archive regions: 2->2
[2025-11-27T07:39:53.471+0000][gc,heap     ] GC(4) Humongous regions: 0->0
[2025-11-27T07:39:53.472+0000][gc,metaspace] GC(4) Metaspace: 35700K(36096K)->35700K(36096K) NonClass: 31573K(31744K)->31573K(31744K) Class: 4126K(4352K)->4126K(4352K)
[2025-11-27T07:39:53.472+0000][gc          ] GC(4) Pause Young (Concurrent Start) (Metadata GC Threshold) 23M->15M(1024M) 145.202ms
[2025-11-27T07:39:53.472+0000][gc,cpu      ] GC(4) User=0.14s Sys=0.05s Real=0.15s
[2025-11-27T07:39:53.472+0000][gc          ] GC(5) Concurrent Mark Cycle
[2025-11-27T07:39:53.473+0000][gc,marking  ] GC(5) Concurrent Clear Claimed Marks
[2025-11-27T07:39:53.473+0000][gc,marking  ] GC(5) Concurrent Clear Claimed Marks 0.300ms
[2025-11-27T07:39:53.473+0000][gc,marking  ] GC(5) Concurrent Scan Root Regions
[2025-11-27T07:39:53.501+0000][gc,marking  ] GC(5) Concurrent Scan Root Regions 27.740ms
[2025-11-27T07:39:53.513+0000][gc,marking  ] GC(5) Concurrent Mark
[2025-11-27T07:39:53.514+0000][gc,marking  ] GC(5) Concurrent Mark From Roots
[2025-11-27T07:39:53.515+0000][gc,task     ] GC(5) Using 2 workers of 2 for marking
[2025-11-27T07:39:53.565+0000][gc,marking  ] GC(5) Concurrent Mark From Roots 50.563ms
[2025-11-27T07:39:53.567+0000][gc,marking  ] GC(5) Concurrent Preclean
[2025-11-27T07:39:53.569+0000][gc,marking  ] GC(5) Concurrent Preclean 2.705ms
[2025-11-27T07:39:53.575+0000][gc,start    ] GC(5) Pause Remark
[2025-11-27T07:39:53.595+0000][gc          ] GC(5) Pause Remark 18M->18M(1024M) 20.240ms
[2025-11-27T07:39:53.596+0000][gc,cpu      ] GC(5) User=0.03s Sys=0.00s Real=0.02s
[2025-11-27T07:39:53.604+0000][gc,marking  ] GC(5) Concurrent Mark 90.682ms
[2025-11-27T07:39:53.604+0000][gc,marking  ] GC(5) Concurrent Rebuild Remembered Sets
[2025-11-27T07:39:53.685+0000][gc,marking  ] GC(5) Concurrent Rebuild Remembered Sets 80.746ms
[2025-11-27T07:39:53.688+0000][gc,start    ] GC(5) Pause Cleanup
[2025-11-27T07:39:53.706+0000][gc          ] GC(5) Pause Cleanup 19M->19M(1024M) 18.057ms
[2025-11-27T07:39:53.714+0000][gc,cpu      ] GC(5) User=0.02s Sys=0.00s Real=0.03s
[2025-11-27T07:39:53.735+0000][gc,marking  ] GC(5) Concurrent Cleanup for Next Mark
[2025-11-27T07:39:53.835+0000][gc,marking  ] GC(5) Concurrent Cleanup for Next Mark 100.353ms
[2025-11-27T07:39:53.841+0000][gc          ] GC(5) Concurrent Mark Cycle 368.546ms
[2025-11-27T07:39:58.627+0000][gc,start    ] GC(6) Pause Young (Normal) (G1 Evacuation Pause)
[2025-11-27T07:39:58.628+0000][gc,task     ] GC(6) Using 8 workers of 8 for evacuation
[2025-11-27T07:39:58.673+0000][gc,mmu      ] GC(6) MMU target violated: 21.0ms (20.0ms/21.0ms)
[2025-11-27T07:39:58.674+0000][gc,phases   ] GC(6)   Pre Evacuate Collection Set: 0.3ms
[2025-11-27T07:39:58.675+0000][gc,phases   ] GC(6)   Merge Heap Roots: 0.2ms
[2025-11-27T07:39:58.675+0000][gc,phases   ] GC(6)   Evacuate Collection Set: 39.3ms
[2025-11-27T07:39:58.675+0000][gc,phases   ] GC(6)   Post Evacuate Collection Set: 4.4ms
[2025-11-27T07:39:58.676+0000][gc,phases   ] GC(6)   Other: 2.2ms
[2025-11-27T07:39:58.677+0000][gc,heap     ] GC(6) Eden regions: 49->0(44)
[2025-11-27T07:39:58.677+0000][gc,heap     ] GC(6) Survivor regions: 2->7(7)
[2025-11-27T07:39:58.677+0000][gc,heap     ] GC(6) Old regions: 14->16
[2025-11-27T07:39:58.677+0000][gc,heap     ] GC(6) Archive regions: 2->2
[2025-11-27T07:39:58.677+0000][gc,heap     ] GC(6) Humongous regions: 129->129
[2025-11-27T07:39:58.678+0000][gc,metaspace] GC(6) Metaspace: 42445K(43072K)->42445K(43072K) NonClass: 37470K(37824K)->37470K(37824K) Class: 4974K(5248K)->4974K(5248K)
[2025-11-27T07:39:58.678+0000][gc          ] GC(6) Pause Young (Normal) (G1 Evacuation Pause) 193M->152M(1024M) 50.776ms
[2025-11-27T07:39:58.679+0000][gc,cpu      ] GC(6) User=0.06s Sys=0.02s Real=0.05s
