[2025-11-27T07:30:26.945+0000][gc] Using G1
[2025-11-27T07:30:26.953+0000][gc,init] Version: 17.0.17+10-adhoc.root.jdk17u (release)
[2025-11-27T07:30:26.953+0000][gc,init] CPUs: 8 total, 8 available
[2025-11-27T07:30:26.953+0000][gc,init] Memory: 7634M
[2025-11-27T07:30:26.953+0000][gc,init] Large Page Support: Disabled
[2025-11-27T07:30:26.953+0000][gc,init] NUMA Support: Disabled
[2025-11-27T07:30:26.953+0000][gc,init] Compressed Oops: Enabled (32-bit)
[2025-11-27T07:30:26.954+0000][gc,init] Heap Region Size: 1M
[2025-11-27T07:30:26.954+0000][gc,init] Heap Min Capacity: 1G
[2025-11-27T07:30:26.954+0000][gc,init] Heap Initial Capacity: 1G
[2025-11-27T07:30:26.954+0000][gc,init] Heap Max Capacity: 1G
[2025-11-27T07:30:26.954+0000][gc,init] Pre-touch: Disabled
[2025-11-27T07:30:26.954+0000][gc,init] Parallel Workers: 8
[2025-11-27T07:30:26.954+0000][gc,init] Concurrent Workers: 2
[2025-11-27T07:30:26.955+0000][gc,init] Concurrent Refinement Workers: 8
[2025-11-27T07:30:26.955+0000][gc,init] Periodic GC: Disabled
[2025-11-27T07:30:26.961+0000][gc,metaspace] CDS archive(s) mapped at: [0x00007e96ef000000-0x00007e96efbdc000-0x00007e96efbdc000), size 12435456, SharedBaseAddress: 0x00007e96ef000000, ArchiveRelocationMode: 1.
[2025-11-27T07:30:26.961+0000][gc,metaspace] Compressed class space mapped at: 0x00007e96f0000000-0x00007e9730000000, reserved size: 1073741824
[2025-11-27T07:30:26.961+0000][gc,metaspace] Narrow klass base: 0x00007e96ef000000, Narrow klass shift: 0, Narrow klass range: 0x100000000
[2025-11-27T07:30:28.032+0000][gc,start    ] GC(0) Pause Young (Normal) (G1 Evacuation Pause)
[2025-11-27T07:30:28.033+0000][gc,task     ] GC(0) Using 8 workers of 8 for evacuation
[2025-11-27T07:30:28.043+0000][gc,phases   ] GC(0)   Pre Evacuate Collection Set: 0.2ms
[2025-11-27T07:30:28.043+0000][gc,phases   ] GC(0)   Merge Heap Roots: 0.2ms
[2025-11-27T07:30:28.043+0000][gc,phases   ] GC(0)   Evacuate Collection Set: 7.9ms
[2025-11-27T07:30:28.043+0000][gc,phases   ] GC(0)   Post Evacuate Collection Set: 0.8ms
[2025-11-27T07:30:28.043+0000][gc,phases   ] GC(0)   Other: 1.8ms
[2025-11-27T07:30:28.043+0000][gc,heap     ] GC(0) Eden regions: 51->0(44)
[2025-11-27T07:30:28.044+0000][gc,heap     ] GC(0) Survivor regions: 0->7(7)
[2025-11-27T07:30:28.044+0000][gc,heap     ] GC(0) Old regions: 0->2
[2025-11-27T07:30:28.044+0000][gc,heap     ] GC(0) Archive regions: 2->2
[2025-11-27T07:30:28.044+0000][gc,heap     ] GC(0) Humongous regions: 0->0
[2025-11-27T07:30:28.044+0000][gc,metaspace] GC(0) Metaspace: 16898K(17088K)->16898K(17088K) NonClass: 14885K(14976K)->14885K(14976K) Class: 2012K(2112K)->2012K(2112K)
[2025-11-27T07:30:28.044+0000][gc          ] GC(0) Pause Young (Normal) (G1 Evacuation Pause) 51M->9M(1024M) 12.646ms
[2025-11-27T07:30:28.044+0000][gc,cpu      ] GC(0) User=0.03s Sys=0.00s Real=0.01s
[2025-11-27T07:30:28.389+0000][gc,start    ] GC(1) Pause Young (Concurrent Start) (Metadata GC Threshold)
[2025-11-27T07:30:28.389+0000][gc,task     ] GC(1) Using 8 workers of 8 for evacuation
[2025-11-27T07:30:28.404+0000][gc,phases   ] GC(1)   Pre Evacuate Collection Set: 0.2ms
[2025-11-27T07:30:28.406+0000][gc,phases   ] GC(1)   Merge Heap Roots: 0.1ms
[2025-11-27T07:30:28.406+0000][gc,phases   ] GC(1)   Evacuate Collection Set: 10.5ms
[2025-11-27T07:30:28.407+0000][gc,phases   ] GC(1)   Post Evacuate Collection Set: 1.1ms
[2025-11-27T07:30:28.407+0000][gc,phases   ] GC(1)   Other: 2.9ms
[2025-11-27T07:30:28.407+0000][gc,heap     ] GC(1) Eden regions: 15->0(49)
[2025-11-27T07:30:28.407+0000][gc,heap     ] GC(1) Survivor regions: 7->2(7)
[2025-11-27T07:30:28.407+0000][gc,heap     ] GC(1) Old regions: 2->8
[2025-11-27T07:30:28.408+0000][gc,heap     ] GC(1) Archive regions: 2->2
[2025-11-27T07:30:28.408+0000][gc,heap     ] GC(1) Humongous regions: 0->0
[2025-11-27T07:30:28.408+0000][gc,metaspace] GC(1) Metaspace: 21302K(21504K)->21302K(21504K) NonClass: 18660K(18752K)->18660K(18752K) Class: 2642K(2752K)->2642K(2752K)
[2025-11-27T07:30:28.408+0000][gc          ] GC(1) Pause Young (Concurrent Start) (Metadata GC Threshold) 23M->10M(1024M) 19.246ms
[2025-11-27T07:30:28.408+0000][gc,cpu      ] GC(1) User=0.04s Sys=0.01s Real=0.02s
[2025-11-27T07:30:28.409+0000][gc          ] GC(2) Concurrent Mark Cycle
[2025-11-27T07:30:28.409+0000][gc,marking  ] GC(2) Concurrent Clear Claimed Marks
[2025-11-27T07:30:28.417+0000][gc,marking  ] GC(2) Concurrent Clear Claimed Marks 7.766ms
[2025-11-27T07:30:28.417+0000][gc,marking  ] GC(2) Concurrent Scan Root Regions
[2025-11-27T07:30:28.420+0000][gc,marking  ] GC(2) Concurrent Scan Root Regions 3.622ms
[2025-11-27T07:30:28.423+0000][gc,marking  ] GC(2) Concurrent Mark
[2025-11-27T07:30:28.423+0000][gc,marking  ] GC(2) Concurrent Mark From Roots
[2025-11-27T07:30:28.428+0000][gc,task     ] GC(2) Using 2 workers of 2 for marking
[2025-11-27T07:30:28.434+0000][gc,marking  ] GC(2) Concurrent Mark From Roots 10.827ms
[2025-11-27T07:30:28.442+0000][gc,marking  ] GC(2) Concurrent Preclean
[2025-11-27T07:30:28.442+0000][gc,marking  ] GC(2) Concurrent Preclean 0.843ms
[2025-11-27T07:30:28.443+0000][gc,start    ] GC(2) Pause Remark
[2025-11-27T07:30:28.450+0000][gc          ] GC(2) Pause Remark 11M->11M(1024M) 6.744ms
[2025-11-27T07:30:28.450+0000][gc,cpu      ] GC(2) User=0.02s Sys=0.00s Real=0.01s
[2025-11-27T07:30:28.450+0000][gc,marking  ] GC(2) Concurrent Mark 27.687ms
[2025-11-27T07:30:28.451+0000][gc,marking  ] GC(2) Concurrent Rebuild Remembered Sets
[2025-11-27T07:30:28.451+0000][gc,marking  ] GC(2) Concurrent Rebuild Remembered Sets 0.161ms
[2025-11-27T07:30:28.451+0000][gc,start    ] GC(2) Pause Cleanup
[2025-11-27T07:30:28.451+0000][gc          ] GC(2) Pause Cleanup 11M->11M(1024M) 0.174ms
[2025-11-27T07:30:28.452+0000][gc,cpu      ] GC(2) User=0.00s Sys=0.00s Real=0.00s
[2025-11-27T07:30:28.452+0000][gc,marking  ] GC(2) Concurrent Cleanup for Next Mark
[2025-11-27T07:30:28.470+0000][gc,marking  ] GC(2) Concurrent Cleanup for Next Mark 18.413ms
[2025-11-27T07:30:28.471+0000][gc          ] GC(2) Concurrent Mark Cycle 62.233ms
[2025-11-27T07:30:29.507+0000][gc,start    ] GC(3) Pause Young (Normal) (G1 Evacuation Pause)
[2025-11-27T07:30:29.507+0000][gc,task     ] GC(3) Using 8 workers of 8 for evacuation
[2025-11-27T07:30:29.513+0000][gc,phases   ] GC(3)   Pre Evacuate Collection Set: 0.3ms
[2025-11-27T07:30:29.514+0000][gc,phases   ] GC(3)   Merge Heap Roots: 0.1ms
[2025-11-27T07:30:29.514+0000][gc,phases   ] GC(3)   Evacuate Collection Set: 4.2ms
[2025-11-27T07:30:29.515+0000][gc,phases   ] GC(3)   Post Evacuate Collection Set: 1.0ms
[2025-11-27T07:30:29.515+0000][gc,phases   ] GC(3)   Other: 0.6ms
[2025-11-27T07:30:29.515+0000][gc,heap     ] GC(3) Eden regions: 49->0(45)
[2025-11-27T07:30:29.515+0000][gc,heap     ] GC(3) Survivor regions: 2->6(7)
[2025-11-27T07:30:29.515+0000][gc,heap     ] GC(3) Old regions: 8->8
[2025-11-27T07:30:29.516+0000][gc,heap     ] GC(3) Archive regions: 2->2
[2025-11-27T07:30:29.516+0000][gc,heap     ] GC(3) Humongous regions: 0->0
[2025-11-27T07:30:29.516+0000][gc,metaspace] GC(3) Metaspace: 33478K(33856K)->33478K(33856K) NonClass: 29577K(29824K)->29577K(29824K) Class: 3900K(4032K)->3900K(4032K)
[2025-11-27T07:30:29.516+0000][gc          ] GC(3) Pause Young (Normal) (G1 Evacuation Pause) 59M->14M(1024M) 8.815ms
[2025-11-27T07:30:29.516+0000][gc,cpu      ] GC(3) User=0.03s Sys=0.00s Real=0.01s
[2025-11-27T07:30:29.912+0000][gc,start    ] GC(4) Pause Young (Concurrent Start) (Metadata GC Threshold)
[2025-11-27T07:30:29.912+0000][gc,task     ] GC(4) Using 8 workers of 8 for evacuation
[2025-11-27T07:30:29.931+0000][gc,phases   ] GC(4)   Pre Evacuate Collection Set: 0.3ms
[2025-11-27T07:30:29.932+0000][gc,phases   ] GC(4)   Merge Heap Roots: 0.1ms
[2025-11-27T07:30:29.934+0000][gc,phases   ] GC(4)   Evacuate Collection Set: 16.6ms
[2025-11-27T07:30:29.934+0000][gc,phases   ] GC(4)   Post Evacuate Collection Set: 1.0ms
[2025-11-27T07:30:29.934+0000][gc,phases   ] GC(4)   Other: 1.2ms
[2025-11-27T07:30:29.934+0000][gc,heap     ] GC(4) Eden regions: 14->0(49)
[2025-11-27T07:30:29.934+0000][gc,heap     ] GC(4) Survivor regions: 6->2(7)
[2025-11-27T07:30:29.935+0000][gc,heap     ] GC(4) Old regions: 8->14
[2025-11-27T07:30:29.935+0000][gc,heap     ] GC(4) Archive regions: 2->2
[2025-11-27T07:30:29.935+0000][gc,heap     ] GC(4) Humongous regions: 0->0
[2025-11-27T07:30:29.935+0000][gc,metaspace] GC(4) Metaspace: 35921K(36288K)->35921K(36288K) NonClass: 31727K(31936K)->31727K(31936K) Class: 4194K(4352K)->4194K(4352K)
[2025-11-27T07:30:29.935+0000][gc          ] GC(4) Pause Young (Concurrent Start) (Metadata GC Threshold) 28M->15M(1024M) 23.522ms
[2025-11-27T07:30:29.935+0000][gc,cpu      ] GC(4) User=0.05s Sys=0.03s Real=0.03s
[2025-11-27T07:30:29.936+0000][gc          ] GC(5) Concurrent Mark Cycle
[2025-11-27T07:30:29.940+0000][gc,marking  ] GC(5) Concurrent Clear Claimed Marks
[2025-11-27T07:30:29.940+0000][gc,marking  ] GC(5) Concurrent Clear Claimed Marks 0.560ms
[2025-11-27T07:30:29.940+0000][gc,marking  ] GC(5) Concurrent Scan Root Regions
[2025-11-27T07:30:29.947+0000][gc,marking  ] GC(5) Concurrent Scan Root Regions 6.693ms
[2025-11-27T07:30:29.948+0000][gc,marking  ] GC(5) Concurrent Mark
[2025-11-27T07:30:29.949+0000][gc,marking  ] GC(5) Concurrent Mark From Roots
[2025-11-27T07:30:29.951+0000][gc,task     ] GC(5) Using 2 workers of 2 for marking
[2025-11-27T07:30:29.973+0000][gc,marking  ] GC(5) Concurrent Mark From Roots 24.130ms
[2025-11-27T07:30:29.974+0000][gc,marking  ] GC(5) Concurrent Preclean
[2025-11-27T07:30:29.974+0000][gc,marking  ] GC(5) Concurrent Preclean 0.362ms
[2025-11-27T07:30:29.975+0000][gc,start    ] GC(5) Pause Remark
[2025-11-27T07:30:29.991+0000][gc          ] GC(5) Pause Remark 17M->17M(1024M) 16.035ms
[2025-11-27T07:30:29.993+0000][gc,cpu      ] GC(5) User=0.03s Sys=0.01s Real=0.02s
[2025-11-27T07:30:29.993+0000][gc,marking  ] GC(5) Concurrent Mark 44.962ms
[2025-11-27T07:30:29.994+0000][gc,marking  ] GC(5) Concurrent Rebuild Remembered Sets
[2025-11-27T07:30:30.017+0000][gc,marking  ] GC(5) Concurrent Rebuild Remembered Sets 23.591ms
[2025-11-27T07:30:30.018+0000][gc,start    ] GC(5) Pause Cleanup
[2025-11-27T07:30:30.018+0000][gc          ] GC(5) Pause Cleanup 19M->19M(1024M) 0.592ms
[2025-11-27T07:30:30.019+0000][gc,cpu      ] GC(5) User=0.00s Sys=0.00s Real=0.00s
[2025-11-27T07:30:30.019+0000][gc,marking  ] GC(5) Concurrent Cleanup for Next Mark
[2025-11-27T07:30:30.047+0000][gc,marking  ] GC(5) Concurrent Cleanup for Next Mark 28.267ms
[2025-11-27T07:30:30.047+0000][gc          ] GC(5) Concurrent Mark Cycle 111.766ms
[2025-11-27T07:30:32.481+0000][gc,start    ] GC(6) Pause Young (Normal) (G1 Evacuation Pause)
[2025-11-27T07:30:32.482+0000][gc,task     ] GC(6) Using 8 workers of 8 for evacuation
[2025-11-27T07:30:32.496+0000][gc,phases   ] GC(6)   Pre Evacuate Collection Set: 0.7ms
[2025-11-27T07:30:32.497+0000][gc,phases   ] GC(6)   Merge Heap Roots: 0.1ms
[2025-11-27T07:30:32.497+0000][gc,phases   ] GC(6)   Evacuate Collection Set: 11.0ms
[2025-11-27T07:30:32.497+0000][gc,phases   ] GC(6)   Post Evacuate Collection Set: 1.4ms
[2025-11-27T07:30:32.497+0000][gc,phases   ] GC(6)   Other: 1.8ms
[2025-11-27T07:30:32.497+0000][gc,heap     ] GC(6) Eden regions: 49->0(44)
[2025-11-27T07:30:32.497+0000][gc,heap     ] GC(6) Survivor regions: 2->7(7)
[2025-11-27T07:30:32.497+0000][gc,heap     ] GC(6) Old regions: 14->15
[2025-11-27T07:30:32.498+0000][gc,heap     ] GC(6) Archive regions: 2->2
[2025-11-27T07:30:32.498+0000][gc,heap     ] GC(6) Humongous regions: 147->147
[2025-11-27T07:30:32.498+0000][gc,metaspace] GC(6) Metaspace: 43236K(43904K)->43236K(43904K) NonClass: 38132K(38464K)->38132K(38464K) Class: 5104K(5440K)->5104K(5440K)
[2025-11-27T07:30:32.498+0000][gc          ] GC(6) Pause Young (Normal) (G1 Evacuation Pause) 211M->169M(1024M) 16.519ms
[2025-11-27T07:30:32.498+0000][gc,cpu      ] GC(6) User=0.04s Sys=0.00s Real=0.02s
[2025-11-27T07:33:59.506+0000][gc,start    ] GC(7) Pause Young (Normal) (G1 Evacuation Pause)
[2025-11-27T07:33:59.506+0000][gc,task     ] GC(7) Using 8 workers of 8 for evacuation
[2025-11-27T07:33:59.517+0000][gc,phases   ] GC(7)   Pre Evacuate Collection Set: 0.6ms
[2025-11-27T07:33:59.517+0000][gc,phases   ] GC(7)   Merge Heap Roots: 0.2ms
[2025-11-27T07:33:59.518+0000][gc,phases   ] GC(7)   Evacuate Collection Set: 8.0ms
[2025-11-27T07:33:59.518+0000][gc,phases   ] GC(7)   Post Evacuate Collection Set: 0.8ms
[2025-11-27T07:33:59.519+0000][gc,phases   ] GC(7)   Other: 1.0ms
[2025-11-27T07:33:59.519+0000][gc,heap     ] GC(7) Eden regions: 44->0(48)
[2025-11-27T07:33:59.520+0000][gc,heap     ] GC(7) Survivor regions: 7->3(7)
[2025-11-27T07:33:59.520+0000][gc,heap     ] GC(7) Old regions: 15->23
[2025-11-27T07:33:59.521+0000][gc,heap     ] GC(7) Archive regions: 2->2
[2025-11-27T07:33:59.521+0000][gc,heap     ] GC(7) Humongous regions: 147->147
[2025-11-27T07:33:59.521+0000][gc,metaspace] GC(7) Metaspace: 45227K(45888K)->45227K(45888K) NonClass: 40050K(40384K)->40050K(40384K) Class: 5176K(5504K)->5176K(5504K)
[2025-11-27T07:33:59.522+0000][gc          ] GC(7) Pause Young (Normal) (G1 Evacuation Pause) 213M->172M(1024M) 15.931ms
[2025-11-27T07:33:59.522+0000][gc,cpu      ] GC(7) User=0.06s Sys=0.00s Real=0.02s
