[2025-11-27T07:39:45.314+0000][gc] Using G1
[2025-11-27T07:39:45.334+0000][gc,init] Version: 17.0.17+10-adhoc.root.jdk17u (release)
[2025-11-27T07:39:45.335+0000][gc,init] CPUs: 8 total, 8 available
[2025-11-27T07:39:45.335+0000][gc,init] Memory: 7634M
[2025-11-27T07:39:45.336+0000][gc,init] Large Page Support: Disabled
[2025-11-27T07:39:45.336+0000][gc,init] NUMA Support: Disabled
[2025-11-27T07:39:45.337+0000][gc,init] Compressed Oops: Enabled (32-bit)
[2025-11-27T07:39:45.337+0000][gc,init] Heap Region Size: 1M
[2025-11-27T07:39:45.341+0000][gc,init] Heap Min Capacity: 1G
[2025-11-27T07:39:45.342+0000][gc,init] Heap Initial Capacity: 1G
[2025-11-27T07:39:45.343+0000][gc,init] Heap Max Capacity: 1G
[2025-11-27T07:39:45.343+0000][gc,init] Pre-touch: Disabled
[2025-11-27T07:39:45.343+0000][gc,init] Parallel Workers: 8
[2025-11-27T07:39:45.344+0000][gc,init] Concurrent Workers: 2
[2025-11-27T07:39:45.344+0000][gc,init] Concurrent Refinement Workers: 8
[2025-11-27T07:39:45.344+0000][gc,init] Periodic GC: Disabled
[2025-11-27T07:39:45.357+0000][gc,metaspace] CDS archive(s) mapped at: [0x000078a37f000000-0x000078a37fbdc000-0x000078a37fbdc000), size 12435456, SharedBaseAddress: 0x000078a37f000000, ArchiveRelocationMode: 1.
[2025-11-27T07:39:45.357+0000][gc,metaspace] Compressed class space mapped at: 0x000078a380000000-0x000078a3c0000000, reserved size: 1073741824
[2025-11-27T07:39:45.357+0000][gc,metaspace] Narrow klass base: 0x000078a37f000000, Narrow klass shift: 0, Narrow klass range: 0x100000000
[2025-11-27T07:39:47.893+0000][gc,start    ] GC(0) Pause Young (Normal) (G1 Evacuation Pause)
[2025-11-27T07:39:47.895+0000][gc,task     ] GC(0) Using 8 workers of 8 for evacuation
[2025-11-27T07:39:47.914+0000][gc,phases   ] GC(0)   Pre Evacuate Collection Set: 0.2ms
[2025-11-27T07:39:47.915+0000][gc,phases   ] GC(0)   Merge Heap Roots: 0.2ms
[2025-11-27T07:39:47.915+0000][gc,phases   ] GC(0)   Evacuate Collection Set: 17.0ms
[2025-11-27T07:39:47.915+0000][gc,phases   ] GC(0)   Post Evacuate Collection Set: 1.0ms
[2025-11-27T07:39:47.915+0000][gc,phases   ] GC(0)   Other: 2.7ms
[2025-11-27T07:39:47.916+0000][gc,heap     ] GC(0) Eden regions: 51->0(44)
[2025-11-27T07:39:47.916+0000][gc,heap     ] GC(0) Survivor regions: 0->7(7)
[2025-11-27T07:39:47.916+0000][gc,heap     ] GC(0) Old regions: 0->1
[2025-11-27T07:39:47.916+0000][gc,heap     ] GC(0) Archive regions: 2->2
[2025-11-27T07:39:47.916+0000][gc,heap     ] GC(0) Humongous regions: 0->0
[2025-11-27T07:39:47.917+0000][gc,metaspace] GC(0) Metaspace: 16862K(17024K)->16862K(17024K) NonClass: 14829K(14912K)->14829K(14912K) Class: 2033K(2112K)->2033K(2112K)
[2025-11-27T07:39:47.917+0000][gc          ] GC(0) Pause Young (Normal) (G1 Evacuation Pause) 51M->8M(1024M) 23.994ms
[2025-11-27T07:39:47.917+0000][gc,cpu      ] GC(0) User=0.02s Sys=0.02s Real=0.02s
[2025-11-27T07:39:48.724+0000][gc,start    ] GC(1) Pause Young (Concurrent Start) (Metadata GC Threshold)
[2025-11-27T07:39:48.724+0000][gc,task     ] GC(1) Using 8 workers of 8 for evacuation
[2025-11-27T07:39:48.749+0000][gc,mmu      ] GC(1) MMU target violated: 21.0ms (20.0ms/21.0ms)
[2025-11-27T07:39:48.755+0000][gc,phases   ] GC(1)   Pre Evacuate Collection Set: 0.3ms
[2025-11-27T07:39:48.756+0000][gc,phases   ] GC(1)   Merge Heap Roots: 0.1ms
[2025-11-27T07:39:48.756+0000][gc,phases   ] GC(1)   Evacuate Collection Set: 22.1ms
[2025-11-27T07:39:48.757+0000][gc,phases   ] GC(1)   Post Evacuate Collection Set: 1.1ms
[2025-11-27T07:39:48.757+0000][gc,phases   ] GC(1)   Other: 7.7ms
[2025-11-27T07:39:48.758+0000][gc,heap     ] GC(1) Eden regions: 16->0(49)
[2025-11-27T07:39:48.759+0000][gc,heap     ] GC(1) Survivor regions: 7->2(7)
[2025-11-27T07:39:48.762+0000][gc,heap     ] GC(1) Old regions: 1->8
[2025-11-27T07:39:48.762+0000][gc,heap     ] GC(1) Archive regions: 2->2
[2025-11-27T07:39:48.762+0000][gc,heap     ] GC(1) Humongous regions: 0->0
[2025-11-27T07:39:48.762+0000][gc,metaspace] GC(1) Metaspace: 21276K(21504K)->21276K(21504K) NonClass: 18623K(18752K)->18623K(18752K) Class: 2652K(2752K)->2652K(2752K)
[2025-11-27T07:39:48.763+0000][gc          ] GC(1) Pause Young (Concurrent Start) (Metadata GC Threshold) 24M->10M(1024M) 38.659ms
[2025-11-27T07:39:48.763+0000][gc,cpu      ] GC(1) User=0.03s Sys=0.02s Real=0.03s
[2025-11-27T07:39:48.764+0000][gc          ] GC(2) Concurrent Mark Cycle
[2025-11-27T07:39:48.764+0000][gc,marking  ] GC(2) Concurrent Clear Claimed Marks
[2025-11-27T07:39:48.765+0000][gc,marking  ] GC(2) Concurrent Clear Claimed Marks 0.602ms
[2025-11-27T07:39:48.766+0000][gc,marking  ] GC(2) Concurrent Scan Root Regions
[2025-11-27T07:39:48.775+0000][gc,marking  ] GC(2) Concurrent Scan Root Regions 9.065ms
[2025-11-27T07:39:48.783+0000][gc,marking  ] GC(2) Concurrent Mark
[2025-11-27T07:39:48.784+0000][gc,marking  ] GC(2) Concurrent Mark From Roots
[2025-11-27T07:39:48.784+0000][gc,task     ] GC(2) Using 2 workers of 2 for marking
[2025-11-27T07:39:48.790+0000][gc,marking  ] GC(2) Concurrent Mark From Roots 5.987ms
[2025-11-27T07:39:48.790+0000][gc,marking  ] GC(2) Concurrent Preclean
[2025-11-27T07:39:48.791+0000][gc,marking  ] GC(2) Concurrent Preclean 0.434ms
[2025-11-27T07:39:48.797+0000][gc,start    ] GC(2) Pause Remark
[2025-11-27T07:39:48.801+0000][gc          ] GC(2) Pause Remark 11M->11M(1024M) 4.030ms
[2025-11-27T07:39:48.802+0000][gc,cpu      ] GC(2) User=0.01s Sys=0.00s Real=0.00s
[2025-11-27T07:39:48.805+0000][gc,marking  ] GC(2) Concurrent Mark 21.667ms
[2025-11-27T07:39:48.808+0000][gc,marking  ] GC(2) Concurrent Rebuild Remembered Sets
[2025-11-27T07:39:48.808+0000][gc,marking  ] GC(2) Concurrent Rebuild Remembered Sets 0.566ms
[2025-11-27T07:39:48.809+0000][gc,start    ] GC(2) Pause Cleanup
[2025-11-27T07:39:48.809+0000][gc          ] GC(2) Pause Cleanup 11M->11M(1024M) 0.311ms
[2025-11-27T07:39:48.809+0000][gc,cpu      ] GC(2) User=0.00s Sys=0.00s Real=0.00s
[2025-11-27T07:39:48.810+0000][gc,marking  ] GC(2) Concurrent Cleanup for Next Mark
[2025-11-27T07:39:48.823+0000][gc,marking  ] GC(2) Concurrent Cleanup for Next Mark 13.610ms
[2025-11-27T07:39:48.824+0000][gc          ] GC(2) Concurrent Mark Cycle 59.826ms
[2025-11-27T07:39:52.808+0000][gc,start    ] GC(3) Pause Young (Normal) (G1 Evacuation Pause)
[2025-11-27T07:39:52.811+0000][gc,task     ] GC(3) Using 8 workers of 8 for evacuation
[2025-11-27T07:39:52.848+0000][gc,mmu      ] GC(3) MMU target violated: 21.0ms (20.0ms/21.0ms)
[2025-11-27T07:39:52.849+0000][gc,phases   ] GC(3)   Pre Evacuate Collection Set: 0.3ms
[2025-11-27T07:39:52.850+0000][gc,phases   ] GC(3)   Merge Heap Roots: 0.1ms
[2025-11-27T07:39:52.852+0000][gc,phases   ] GC(3)   Evacuate Collection Set: 30.4ms
[2025-11-27T07:39:52.852+0000][gc,phases   ] GC(3)   Post Evacuate Collection Set: 5.0ms
[2025-11-27T07:39:52.853+0000][gc,phases   ] GC(3)   Other: 5.4ms
[2025-11-27T07:39:52.853+0000][gc,heap     ] GC(3) Eden regions: 49->0(45)
[2025-11-27T07:39:52.853+0000][gc,heap     ] GC(3) Survivor regions: 2->6(7)
[2025-11-27T07:39:52.853+0000][gc,heap     ] GC(3) Old regions: 8->8
[2025-11-27T07:39:52.853+0000][gc,heap     ] GC(3) Archive regions: 2->2
[2025-11-27T07:39:52.854+0000][gc,heap     ] GC(3) Humongous regions: 0->0
[2025-11-27T07:39:52.854+0000][gc,metaspace] GC(3) Metaspace: 33775K(34176K)->33775K(34176K) NonClass: 29850K(30080K)->29850K(30080K) Class: 3924K(4096K)->3924K(4096K)
[2025-11-27T07:39:52.858+0000][gc          ] GC(3) Pause Young (Normal) (G1 Evacuation Pause) 59M->14M(1024M) 49.821ms
[2025-11-27T07:39:52.858+0000][gc,cpu      ] GC(3) User=0.10s Sys=0.01s Real=0.05s
[2025-11-27T07:39:53.596+0000][gc,start    ] GC(4) Pause Young (Concurrent Start) (Metadata GC Threshold)
[2025-11-27T07:39:53.599+0000][gc,task     ] GC(4) Using 8 workers of 8 for evacuation
[2025-11-27T07:39:53.690+0000][gc,mmu      ] GC(4) MMU target violated: 21.0ms (20.0ms/21.0ms)
[2025-11-27T07:39:53.703+0000][gc,phases   ] GC(4)   Pre Evacuate Collection Set: 0.3ms
[2025-11-27T07:39:53.706+0000][gc,phases   ] GC(4)   Merge Heap Roots: 3.4ms
[2025-11-27T07:39:53.716+0000][gc,phases   ] GC(4)   Evacuate Collection Set: 85.2ms
[2025-11-27T07:39:53.725+0000][gc,phases   ] GC(4)   Post Evacuate Collection Set: 1.1ms
[2025-11-27T07:39:53.739+0000][gc,phases   ] GC(4)   Other: 17.8ms
[2025-11-27T07:39:53.754+0000][gc,heap     ] GC(4) Eden regions: 12->0(50)
[2025-11-27T07:39:53.758+0000][gc,heap     ] GC(4) Survivor regions: 6->1(7)
[2025-11-27T07:39:53.772+0000][gc,heap     ] GC(4) Old regions: 8->14
[2025-11-27T07:39:53.784+0000][gc,heap     ] GC(4) Archive regions: 2->2
[2025-11-27T07:39:53.785+0000][gc,heap     ] GC(4) Humongous regions: 0->0
[2025-11-27T07:39:53.786+0000][gc,metaspace] GC(4) Metaspace: 35729K(36160K)->35729K(36160K) NonClass: 31588K(31808K)->31588K(31808K) Class: 4140K(4352K)->4140K(4352K)
[2025-11-27T07:39:53.786+0000][gc          ] GC(4) Pause Young (Concurrent Start) (Metadata GC Threshold) 25M->15M(1024M) 190.363ms
[2025-11-27T07:39:53.788+0000][gc,cpu      ] GC(4) User=0.27s Sys=0.11s Real=0.19s
[2025-11-27T07:39:53.795+0000][gc          ] GC(5) Concurrent Mark Cycle
[2025-11-27T07:39:53.812+0000][gc,marking  ] GC(5) Concurrent Clear Claimed Marks
[2025-11-27T07:39:53.827+0000][gc,marking  ] GC(5) Concurrent Clear Claimed Marks 14.897ms
[2025-11-27T07:39:53.837+0000][gc,marking  ] GC(5) Concurrent Scan Root Regions
[2025-11-27T07:39:53.860+0000][gc,marking  ] GC(5) Concurrent Scan Root Regions 22.785ms
[2025-11-27T07:39:53.875+0000][gc,marking  ] GC(5) Concurrent Mark
[2025-11-27T07:39:53.889+0000][gc,marking  ] GC(5) Concurrent Mark From Roots
[2025-11-27T07:39:53.890+0000][gc,task     ] GC(5) Using 2 workers of 2 for marking
[2025-11-27T07:39:53.986+0000][gc,marking  ] GC(5) Concurrent Mark From Roots 97.438ms
[2025-11-27T07:39:54.001+0000][gc,marking  ] GC(5) Concurrent Preclean
[2025-11-27T07:39:54.004+0000][gc,marking  ] GC(5) Concurrent Preclean 2.863ms
[2025-11-27T07:39:54.018+0000][gc,start    ] GC(5) Pause Remark
[2025-11-27T07:39:54.062+0000][gc,mmu      ] GC(5) MMU target violated: 21.0ms (20.0ms/21.0ms)
[2025-11-27T07:39:54.063+0000][gc          ] GC(5) Pause Remark 20M->20M(1024M) 44.539ms
[2025-11-27T07:39:54.063+0000][gc,cpu      ] GC(5) User=0.02s Sys=0.00s Real=0.04s
[2025-11-27T07:39:54.095+0000][gc,marking  ] GC(5) Concurrent Mark 219.480ms
[2025-11-27T07:39:54.104+0000][gc,marking  ] GC(5) Concurrent Rebuild Remembered Sets
[2025-11-27T07:39:54.150+0000][gc,marking  ] GC(5) Concurrent Rebuild Remembered Sets 46.275ms
[2025-11-27T07:39:54.203+0000][gc,start    ] GC(5) Pause Cleanup
[2025-11-27T07:39:54.215+0000][gc          ] GC(5) Pause Cleanup 21M->21M(1024M) 11.952ms
[2025-11-27T07:39:54.216+0000][gc,cpu      ] GC(5) User=0.00s Sys=0.00s Real=0.00s
[2025-11-27T07:39:54.217+0000][gc,marking  ] GC(5) Concurrent Cleanup for Next Mark
[2025-11-27T07:39:54.307+0000][gc,marking  ] GC(5) Concurrent Cleanup for Next Mark 89.763ms
[2025-11-27T07:39:54.308+0000][gc          ] GC(5) Concurrent Mark Cycle 513.122ms
[2025-11-27T07:39:58.757+0000][gc,start    ] GC(6) Pause Young (Concurrent Start) (G1 Evacuation Pause)
[2025-11-27T07:39:58.759+0000][gc,task     ] GC(6) Using 8 workers of 8 for evacuation
[2025-11-27T07:39:58.804+0000][gc,mmu      ] GC(6) MMU target violated: 21.0ms (20.0ms/21.0ms)
[2025-11-27T07:39:58.806+0000][gc,phases   ] GC(6)   Pre Evacuate Collection Set: 0.7ms
[2025-11-27T07:39:58.807+0000][gc,phases   ] GC(6)   Merge Heap Roots: 2.3ms
[2025-11-27T07:39:58.807+0000][gc,phases   ] GC(6)   Evacuate Collection Set: 23.1ms
[2025-11-27T07:39:58.808+0000][gc,phases   ] GC(6)   Post Evacuate Collection Set: 18.1ms
[2025-11-27T07:39:58.808+0000][gc,phases   ] GC(6)   Other: 4.7ms
[2025-11-27T07:39:58.809+0000][gc,heap     ] GC(6) Eden regions: 50->0(44)
[2025-11-27T07:39:58.809+0000][gc,heap     ] GC(6) Survivor regions: 1->7(7)
[2025-11-27T07:39:58.809+0000][gc,heap     ] GC(6) Old regions: 14->16
[2025-11-27T07:39:58.809+0000][gc,heap     ] GC(6) Archive regions: 2->2
[2025-11-27T07:39:58.810+0000][gc,heap     ] GC(6) Humongous regions: 147->147
[2025-11-27T07:39:58.811+0000][gc,metaspace] GC(6) Metaspace: 42925K(43648K)->42925K(43648K) NonClass: 37872K(38272K)->37872K(38272K) Class: 5052K(5376K)->5052K(5376K)
[2025-11-27T07:39:58.813+0000][gc          ] GC(6) Pause Young (Concurrent Start) (G1 Evacuation Pause) 212M->170M(1024M) 55.133ms
[2025-11-27T07:39:58.813+0000][gc,cpu      ] GC(6) User=0.05s Sys=0.01s Real=0.06s
[2025-11-27T07:39:58.813+0000][gc          ] GC(7) Concurrent Mark Cycle
[2025-11-27T07:39:58.814+0000][gc,marking  ] GC(7) Concurrent Clear Claimed Marks
[2025-11-27T07:39:58.814+0000][gc,marking  ] GC(7) Concurrent Clear Claimed Marks 0.501ms
[2025-11-27T07:39:58.815+0000][gc,marking  ] GC(7) Concurrent Scan Root Regions
[2025-11-27T07:39:58.875+0000][gc,marking  ] GC(7) Concurrent Scan Root Regions 60.412ms
[2025-11-27T07:39:58.876+0000][gc,marking  ] GC(7) Concurrent Mark
[2025-11-27T07:39:58.877+0000][gc,marking  ] GC(7) Concurrent Mark From Roots
[2025-11-27T07:39:58.877+0000][gc,task     ] GC(7) Using 2 workers of 2 for marking
[2025-11-27T07:39:58.967+0000][gc,marking  ] GC(7) Concurrent Mark From Roots 90.050ms
[2025-11-27T07:39:58.971+0000][gc,marking  ] GC(7) Concurrent Preclean
[2025-11-27T07:39:58.972+0000][gc,marking  ] GC(7) Concurrent Preclean 1.112ms
[2025-11-27T07:39:58.976+0000][gc,start    ] GC(7) Pause Remark
[2025-11-27T07:39:59.014+0000][gc,mmu      ] GC(7) MMU target violated: 21.0ms (20.0ms/21.0ms)
[2025-11-27T07:39:59.025+0000][gc          ] GC(7) Pause Remark 174M->174M(1024M) 49.102ms
[2025-11-27T07:39:59.026+0000][gc,cpu      ] GC(7) User=0.04s Sys=0.00s Real=0.05s
[2025-11-27T07:39:59.029+0000][gc,marking  ] GC(7) Concurrent Mark 152.872ms
[2025-11-27T07:39:59.030+0000][gc,marking  ] GC(7) Concurrent Rebuild Remembered Sets
[2025-11-27T07:39:59.051+0000][gc,marking  ] GC(7) Concurrent Rebuild Remembered Sets 21.027ms
[2025-11-27T07:39:59.055+0000][gc,start    ] GC(7) Pause Cleanup
[2025-11-27T07:39:59.056+0000][gc          ] GC(7) Pause Cleanup 174M->174M(1024M) 1.001ms
[2025-11-27T07:39:59.057+0000][gc,cpu      ] GC(7) User=0.00s Sys=0.00s Real=0.00s
[2025-11-27T07:39:59.058+0000][gc,marking  ] GC(7) Concurrent Cleanup for Next Mark
[2025-11-27T07:39:59.060+0000][gc,marking  ] GC(7) Concurrent Cleanup for Next Mark 2.716ms
[2025-11-27T07:39:59.061+0000][gc          ] GC(7) Concurrent Mark Cycle 247.963ms
[2025-11-27T07:42:59.430+0000][gc,start    ] GC(8) Pause Young (Normal) (G1 Evacuation Pause)
[2025-11-27T07:42:59.430+0000][gc,task     ] GC(8) Using 8 workers of 8 for evacuation
[2025-11-27T07:42:59.445+0000][gc,phases   ] GC(8)   Pre Evacuate Collection Set: 0.3ms
[2025-11-27T07:42:59.446+0000][gc,phases   ] GC(8)   Merge Heap Roots: 0.6ms
[2025-11-27T07:42:59.446+0000][gc,phases   ] GC(8)   Evacuate Collection Set: 12.8ms
[2025-11-27T07:42:59.446+0000][gc,phases   ] GC(8)   Post Evacuate Collection Set: 0.8ms
[2025-11-27T07:42:59.446+0000][gc,phases   ] GC(8)   Other: 0.9ms
[2025-11-27T07:42:59.446+0000][gc,heap     ] GC(8) Eden regions: 44->0(47)
[2025-11-27T07:42:59.447+0000][gc,heap     ] GC(8) Survivor regions: 7->4(7)
[2025-11-27T07:42:59.447+0000][gc,heap     ] GC(8) Old regions: 16->23
[2025-11-27T07:42:59.447+0000][gc,heap     ] GC(8) Archive regions: 2->2
[2025-11-27T07:42:59.447+0000][gc,heap     ] GC(8) Humongous regions: 147->147
[2025-11-27T07:42:59.447+0000][gc,metaspace] GC(8) Metaspace: 45345K(46080K)->45345K(46080K) NonClass: 40144K(40512K)->40144K(40512K) Class: 5201K(5568K)->5201K(5568K)
[2025-11-27T07:42:59.448+0000][gc          ] GC(8) Pause Young (Normal) (G1 Evacuation Pause) 214M->173M(1024M) 17.700ms
[2025-11-27T07:42:59.448+0000][gc,cpu      ] GC(8) User=0.07s Sys=0.03s Real=0.02s
